01:29 KSA · CLOSED  · scanner    · بدء المسح · 30 رمزاً · الجلسة CLOSED
01:29 KSA · CLOSED  · scanner    · ساعة التأكيد مثبَّتة على شمعة 22:00Z (من cbar)
01:29 KSA · CLOSED  · signal     · BTC-USD · orb ▲ 78 · 15m
01:29 KSA · CLOSED  · signal     · BTC-USD · brk ▲ 73 · 15m
01:29 KSA · CLOSED  · signal     · BTC-USD · meanRev ▼ 70 · 15m
01:29 KSA · CLOSED  · signal     · BTC-USD · rsiDiv ▲ 58 · 15m
01:29 KSA · CLOSED  · signal     · BTC-USD · momo ▲ 58 · 1h
01:29 KSA · CLOSED  · signal     · ETH-USD · vwapRec ▲ 78 · 15m
01:29 KSA · CLOSED  · signal     · ETH-USD · tfAlign ▲ 89 · 1d
01:29 KSA · CLOSED  · signal     · ZEC-USD · orb ▲ 80 · 15m
01:29 KSA · CLOSED  · signal     · ZEC-USD · vwapRec ▲ 60 · 15m
01:29 KSA · CLOSED  · signal     · ZEC-USD · sqzExp ▲ 95 · 1h
01:29 KSA · CLOSED  · signal     · ZEC-USD · momo ▲ 83 · 1h
01:29 KSA · CLOSED  · signal     · ZEC-USD · tfAlign ▲ 100 · 1d
01:29 KSA · CLOSED  · signal     · SOL-USD · vwapRec ▲ 60 · 15m
01:29 KSA · CLOSED  · signal     · SOL-USD · tfAlign ▲ 100 · 1d
01:29 KSA · CLOSED  · signal     · XRP-USD · orb ▼ 63 · 15m
01:29 KSA · CLOSED  · signal     · XRP-USD · pbTrend ▲ 76 · 1h
01:29 KSA · CLOSED  · signal     · XRP-USD · rsiDiv ▲ 72 · 15m
01:29 KSA · CLOSED  · signal     · NEAR-USD · orb ▲ 100 · 15m
01:29 KSA · CLOSED  · signal     · NEAR-USD · brk ▲ 91 · 15m
01:29 KSA · CLOSED  · signal     · NEAR-USD · meanRev ▼ 78 · 15m
01:29 KSA · CLOSED  · signal     · NEAR-USD · sqzExp ▲ 70 · 1h
01:29 KSA · CLOSED  · signal     · NEAR-USD · volSpike ▲ 94 · 15m
01:29 KSA · CLOSED  · signal     · NEAR-USD · momo ▲ 72 · 1h
01:29 KSA · CLOSED  · signal     · NEAR-USD · tfAlign ▲ 100 · 1d
01:29 KSA · CLOSED  · signal     · SUI-USD · orb ▼ 55 · 15m
01:29 KSA · CLOSED  · signal     · WLD-USD · orb ▲ 78 · 15m
01:29 KSA · CLOSED  · signal     · WLD-USD · tfAlign ▲ 95 · 1d
01:29 KSA · CLOSED  · signal     · ENA-USD · tfAlign ▲ 100 · 1d
01:29 KSA · CLOSED  · signal     · TAO-USD · orb ▲ 68 · 15m
01:29 KSA · CLOSED  · signal     · TAO-USD · rsiDiv ▼ 64 · 1h
01:29 KSA · CLOSED  · signal     · TAO-USD · momo ▼ 56 · 1h
01:29 KSA · CLOSED  · signal     · DOGE-USD · orb ▼ 63 · 15m
01:29 KSA · CLOSED  · signal     · DOGE-USD · pbTrend ▲ 76 · 1h
01:29 KSA · CLOSED  · signal     · DOGE-USD · momo ▼ 69 · 1h
01:29 KSA · CLOSED  · signal     · UNI-USD · orb ▲ 100 · 15m
01:29 KSA · CLOSED  · signal     · UNI-USD · vwapRec ▲ 60 · 15m
01:29 KSA · CLOSED  · signal     · UNI-USD · sqzExp ▲ 68 · 1h
01:29 KSA · CLOSED  · signal     · UNI-USD · tfAlign ▲ 100 · 1d
01:29 KSA · CLOSED  · signal     · BABY-USD · momo ▼ 64 · 1h
01:29 KSA · CLOSED  · signal     · AVAX-USD · orb ▲ 65 · 15m
01:29 KSA · CLOSED  · signal     · AVAX-USD · rsiDiv ▼ 58 · 1h
01:29 KSA · CLOSED  · signal     · AVAX-USD · tfAlign ▲ 84 · 1d
01:29 KSA · CLOSED  · signal     · BNB-USD · vwapRec ▲ 70 · 15m
01:29 KSA · CLOSED  · signal     · BNB-USD · rsiDiv ▲ 58 · 15m
01:29 KSA · CLOSED  · signal     · LTC-USD · rsiDiv ▲ 64 · 15m
01:29 KSA · CLOSED  · signal     · ADA-USD · orb ▼ 63 · 15m
01:29 KSA · CLOSED  · signal     · ADA-USD · pbTrend ▲ 76 · 1h
01:29 KSA · CLOSED  · signal     · ADA-USD · momo ▼ 75 · 1h
01:29 KSA · CLOSED  · signal     · LINK-USD · orb ▲ 60 · 15m
01:29 KSA · CLOSED  · signal     · LINK-USD · momo ▼ 56 · 1h
01:29 KSA · CLOSED  · signal     · XPL-USD · orb ▼ 70 · 15m
01:29 KSA · CLOSED  · signal     · XPL-USD · pbTrend ▲ 74 · 1h
01:29 KSA · CLOSED  · signal     · XPL-USD · momo ▼ 78 · 1h
01:29 KSA · CLOSED  · signal     · DASH-USD · orb ▲ 78 · 15m
01:29 KSA · CLOSED  · signal     · DASH-USD · tfAlign ▲ 100 · 1d
01:29 KSA · CLOSED  · signal     · SAGA-USD · orb ▼ 60 · 15m
01:29 KSA · CLOSED  · signal     · SAGA-USD · pbTrend ▲ 74 · 1h
01:29 KSA · CLOSED  · signal     · FIL-USD · rsiDiv ▼ 69 · 1d
01:29 KSA · CLOSED  · signal     · PUMP-USD · orb ▲ 55 · 15m
01:29 KSA · CLOSED  · signal     · PUMP-USD · momo ▼ 64 · 1h
01:29 KSA · CLOSED  · signal     · RUNE-USD · orb ▲ 65 · 15m
01:29 KSA · CLOSED  · signal     · RUNE-USD · meanRev ▼ 70 · 15m
01:29 KSA · CLOSED  · signal     · RUNE-USD · tfAlign ▲ 100 · 1d
01:29 KSA · CLOSED  · signal     · GRAM-USD · orb ▲ 65 · 15m
01:29 KSA · CLOSED  · signal     · GRAM-USD · rsiDiv ▼ 73 · 15m
01:29 KSA · CLOSED  · signal     · GRAM-USD · tfAlign ▲ 95 · 1d
01:29 KSA · CLOSED  · signal     · ONDO-USD · orb ▼ 63 · 15m
01:29 KSA · CLOSED  · signal     · ONDO-USD · pbTrend ▲ 100 · 1h
01:29 KSA · CLOSED  · signal     · ONDO-USD · rsiDiv ▲ 56 · 1d
01:29 KSA · CLOSED  · signal     · RARE-USD · orb ▲ 60 · 15m
01:29 KSA · CLOSED  · signal     · RARE-USD · tfAlign ▲ 89 · 1d
01:29 KSA · CLOSED  · signal     · PEPE-USD · orb ▼ 70 · 15m
01:29 KSA · CLOSED  · signal     · PEPE-USD · pbTrend ▲ 76 · 1h
01:29 KSA · CLOSED  · signal     · ARB-USD · vwapRec ▲ 85 · 15m
01:29 KSA · CLOSED  · signal     · ARB-USD · tfAlign ▲ 100 · 1d
01:30 KSA · CLOSED  · scanner    · بدء المسح · 30 رمزاً · الجلسة CLOSED
01:30 KSA · CLOSED  · scanner    · ساعة التأكيد مثبَّتة على شمعة 22:15Z (من cbar)
01:30 KSA · CLOSED  · signal     · ZEC-USD · volSpike ▼ 78 · 15m
01:47 KSA · CLOSED  · scanner    · بدء المسح · 30 رمزاً · الجلسة CLOSED
01:47 KSA · CLOSED  · scanner    · ساعة التأكيد مثبَّتة على شمعة 22:30Z (من cbar)
01:47 KSA · CLOSED  · signal     · UNI-USD · volSpike ▼ 78 · 15m
02:02 KSA · CLOSED  · scanner    · بدء المسح · 30 رمزاً · الجلسة CLOSED
02:02 KSA · CLOSED  · scanner    · ساعة التأكيد مثبَّتة على شمعة 22:45Z (من cbar)
02:02 KSA · CLOSED  · signal     · BTC-USD · sqzExp ▲ 63 · 1h
02:02 KSA · CLOSED  · signal     · SUI-USD · tfAlign ▲ 74 · 1d
02:02 KSA · CLOSED  · signal     · TAO-USD · tfAlign ▲ 74 · 1d
02:02 KSA · CLOSED  · signal     · LTC-USD · tfAlign ▲ 84 · 1d
02:02 KSA · CLOSED  · signal     · LINK-USD · tfAlign ▲ 74 · 1d
02:02 KSA · CLOSED  · signal     · PUMP-USD · tfAlign ▲ 74 · 1d
02:17 KSA · CLOSED  · scanner    · بدء المسح · 30 رمزاً · الجلسة CLOSED
02:17 KSA · CLOSED  · scanner    · ساعة التأكيد مثبَّتة على شمعة 23:00Z (من cbar)
02:17 KSA · CLOSED  · signal     · BABY-USD · vwapRec ▲ 78 · 15m
02:17 KSA · CLOSED  · signal     · AVAX-USD · vwapRec ▲ 70 · 15m
02:17 KSA · CLOSED  · signal     · FIL-USD · tfAlign ▲ 87 · 1d
02:17 KSA · CLOSED  · signal     · MUBARAK-USD · orb ▲ 65 · 15m
02:17 KSA · CLOSED  · signal     · MUBARAK-USD · tfAlign ▲ 95 · 1d
