00:00 KSA · CLOSED  · scanner    · بدء المسح · 1154 رمزاً · الجلسة CLOSED
00:00 KSA · CLOSED  · signal     · WLD-USD · rsiDiv ▼ 72 · 1h
00:00 KSA · CLOSED  · signal     · SOXLB-USD · vwapRec ▲ 76 · 15m
00:00 KSA · CLOSED  · signal     · HOLO-USD · brk ▼ 86 · 15m
00:00 KSA · CLOSED  · signal     · HOLO-USD · meanRev ▲ 55 · 15m
00:00 KSA · CLOSED  · signal     · BANK-USD · momo ▲ 72 · 1h
00:00 KSA · CLOSED  · signal     · WLFI-USD · rsiDiv ▼ 64 · 1h
00:02 KSA · CLOSED  · scanner    · بدء المسح · 1154 رمزاً · الجلسة CLOSED
00:02 KSA · CLOSED  · signal     · U-USD · vwapRec ▲ 70 · 15m
00:04 KSA · CLOSED  · scanner    · بدء المسح · 1154 رمزاً · الجلسة CLOSED
00:07 KSA · CLOSED  · scanner    · بدء المسح · 1154 رمزاً · الجلسة CLOSED
00:08 KSA · CLOSED  · scanner    · بدء المسح · 1154 رمزاً · الجلسة CLOSED
00:10 KSA · CLOSED  · scanner    · بدء المسح · 1154 رمزاً · الجلسة CLOSED
00:12 KSA · CLOSED  · scanner    · بدء المسح · 1154 رمزاً · الجلسة CLOSED
00:14 KSA · CLOSED  · scanner    · بدء المسح · 1154 رمزاً · الجلسة CLOSED
00:16 KSA · CLOSED  · scanner    · بدء المسح · 1154 رمزاً · الجلسة CLOSED
00:16 KSA · CLOSED  · signal     · ADA-USD · vwapRec ▼ 63 · 15m
00:16 KSA · CLOSED  · signal     · DOT-USD · brk ▼ 66 · 15m
00:16 KSA · CLOSED  · signal     · FET-USD · meanRev ▲ 75 · 15m
00:16 KSA · CLOSED  · signal     · BANK-USD · brk ▲ 95 · 15m
00:16 KSA · CLOSED  · signal     · BANK-USD · meanRev ▼ 68 · 15m
00:16 KSA · CLOSED  · signal     · PENGU-USD · vwapRec ▼ 65 · 15m
00:18 KSA · CLOSED  · scanner    · بدء المسح · 1154 رمزاً · الجلسة CLOSED
00:20 KSA · CLOSED  · scanner    · بدء المسح · 1154 رمزاً · الجلسة CLOSED
00:22 KSA · CLOSED  · scanner    · بدء المسح · 1154 رمزاً · الجلسة CLOSED
00:22 KSA · CLOSED  · signal     · TAO-USD · vwapRec ▼ 60 · 15m
00:22 KSA · CLOSED  · signal     · ASTER-USD · orb ▼ 73 · 15m
00:22 KSA · CLOSED  · signal     · ASTER-USD · vwapRec ▼ 60 · 15m
00:24 KSA · CLOSED  · scanner    · بدء المسح · 1154 رمزاً · الجلسة CLOSED
00:26 KSA · CLOSED  · scanner    · بدء المسح · 1154 رمزاً · الجلسة CLOSED
00:28 KSA · CLOSED  · scanner    · بدء المسح · 1154 رمزاً · الجلسة CLOSED
00:30 KSA · CLOSED  · scanner    · بدء المسح · 1154 رمزاً · الجلسة CLOSED
00:30 KSA · CLOSED  · signal     · BNB-USD · orb ▼ 85 · 15m
00:30 KSA · CLOSED  · signal     · HBAR-USD · brk ▼ 68 · 15m
00:30 KSA · CLOSED  · signal     · DOT-USD · volSpike ▼ 78 · 15m
00:30 KSA · CLOSED  · signal     · HEMI-USD · brk ▼ 95 · 15m
00:30 KSA · CLOSED  · signal     · UNI-USD · meanRev ▲ 75 · 15m
00:30 KSA · CLOSED  · signal     · U-USD · vwapRec ▲ 85 · 15m
00:30 KSA · CLOSED  · signal     · TAO-USD · volSpike ▼ 78 · 15m
00:30 KSA · CLOSED  · signal     · TRUMP-USD · orb ▼ 73 · 15m
00:30 KSA · CLOSED  · signal     · HOLO-USD · vwapRec ▼ 65 · 15m
00:30 KSA · CLOSED  · signal     · PENGU-USD · orb ▼ 85 · 15m
00:30 KSA · CLOSED  · signal     · PENGU-USD · meanRev ▲ 60 · 15m
00:32 KSA · CLOSED  · scanner    · بدء المسح · 1154 رمزاً · الجلسة CLOSED
00:32 KSA · CLOSED  · signal     · XRP-USD · orb ▲ 80 · 15m
00:32 KSA · CLOSED  · signal     · TAO-USD · vwapRec ▲ 100 · 15m
00:32 KSA · CLOSED  · signal     · ASTER-USD · vwapRec ▲ 93 · 15m
00:34 KSA · CLOSED  · scanner    · بدء المسح · 1154 رمزاً · الجلسة CLOSED
00:37 KSA · CLOSED  · scanner    · بدء المسح · 1154 رمزاً · الجلسة CLOSED
00:38 KSA · CLOSED  · scanner    · بدء المسح · 1154 رمزاً · الجلسة CLOSED
00:40 KSA · CLOSED  · scanner    · بدء المسح · 1154 رمزاً · الجلسة CLOSED
00:42 KSA · CLOSED  · scanner    · بدء المسح · 1154 رمزاً · الجلسة CLOSED
00:44 KSA · CLOSED  · scanner    · بدء المسح · 1154 رمزاً · الجلسة CLOSED
00:46 KSA · CLOSED  · scanner    · بدء المسح · 1154 رمزاً · الجلسة CLOSED
00:46 KSA · CLOSED  · signal     · QQQB-USD · rsiDiv ▼ 92 · 15m
00:46 KSA · CLOSED  · signal     · UNI-USD · meanRev ▲ 75 · 15m
00:46 KSA · CLOSED  · signal     · PUMP-USD · rsiDiv ▼ 92 · 15m
00:46 KSA · CLOSED  · signal     · PENGU-USD · meanRev ▲ 68 · 15m
00:46 KSA · CLOSED  · signal     · ASTER-USD · orb ▼ 80 · 15m
00:46 KSA · CLOSED  · signal     · ASTER-USD · vwapRec ▼ 57 · 15m
00:46 KSA · CLOSED  · signal     · ASTER-USD · volSpike ▲ 56 · 15m
00:48 KSA · CLOSED  · scanner    · بدء المسح · 1154 رمزاً · الجلسة CLOSED
00:50 KSA · CLOSED  · scanner    · بدء المسح · 1154 رمزاً · الجلسة CLOSED
00:53 KSA · CLOSED  · scanner    · بدء المسح · 1154 رمزاً · الجلسة CLOSED
00:53 KSA · CLOSED  · signal     · TAO-USD · vwapRec ▼ 60 · 15m
00:54 KSA · CLOSED  · scanner    · بدء المسح · 1154 رمزاً · الجلسة CLOSED
00:56 KSA · CLOSED  · scanner    · بدء المسح · 1154 رمزاً · الجلسة CLOSED
00:58 KSA · CLOSED  · scanner    · بدء المسح · 1154 رمزاً · الجلسة CLOSED
01:00 KSA · CLOSED  · scanner    · بدء المسح · 1154 رمزاً · الجلسة CLOSED
01:00 KSA · CLOSED  · signal     · BTC-USD · orb ▲ 55 · 15m
01:00 KSA · CLOSED  · signal     · TRX-USD · sqzExp ▲ 75 · 1h
01:00 KSA · CLOSED  · signal     · DOGE-USD · pbTrend ▲ 81 · 1h
01:00 KSA · CLOSED  · signal     · LINK-USD · pbTrend ▲ 90 · 1h
01:00 KSA · CLOSED  · signal     · LTC-USD · pbTrend ▲ 90 · 1h
01:00 KSA · CLOSED  · signal     · WLD-USD · orb ▲ 73 · 15m
01:00 KSA · CLOSED  · signal     · OP-USD · pbTrend ▲ 86 · 1h
01:00 KSA · CLOSED  · signal     · LSK-USD · sqzExp ▼ 75 · 1h
01:00 KSA · CLOSED  · signal     · SNXXB-USD · vwapRec ▼ 60 · 15m
01:00 KSA · CLOSED  · signal     · UNI-USD · momo ▼ 83 · 1h
01:00 KSA · CLOSED  · signal     · U-USD · pbTrend ▲ 64 · 1h
01:00 KSA · CLOSED  · signal     · PENGU-USD · momo ▼ 56 · 1h
01:00 KSA · CLOSED  · signal     · WLFI-USD · pbTrend ▲ 67 · 1h
01:00 KSA · CLOSED  · signal     · APT-USD · pbTrend ▲ 86 · 1h
01:02 KSA · CLOSED  · scanner    · بدء المسح · 1154 رمزاً · الجلسة CLOSED
01:04 KSA · CLOSED  · scanner    · بدء المسح · 1154 رمزاً · الجلسة CLOSED
01:07 KSA · CLOSED  · scanner    · بدء المسح · 1154 رمزاً · الجلسة CLOSED
01:08 KSA · CLOSED  · scanner    · بدء المسح · 1154 رمزاً · الجلسة CLOSED
01:10 KSA · CLOSED  · scanner    · بدء المسح · 1154 رمزاً · الجلسة CLOSED
01:12 KSA · CLOSED  · scanner    · بدء المسح · 1154 رمزاً · الجلسة CLOSED
01:14 KSA · CLOSED  · scanner    · بدء المسح · 1154 رمزاً · الجلسة CLOSED
01:16 KSA · CLOSED  · scanner    · بدء المسح · 1154 رمزاً · الجلسة CLOSED
01:16 KSA · CLOSED  · signal     · XAUT-USD · vwapRec ▲ 78 · 15m
01:16 KSA · CLOSED  · signal     · XPL-USD · rsiDiv ▲ 58 · 15m
01:18 KSA · CLOSED  · scanner    · بدء المسح · 1154 رمزاً · الجلسة CLOSED
01:20 KSA · CLOSED  · scanner    · بدء المسح · 1154 رمزاً · الجلسة CLOSED
01:22 KSA · CLOSED  · scanner    · بدء المسح · 1154 رمزاً · الجلسة CLOSED
01:24 KSA · CLOSED  · scanner    · بدء المسح · 1154 رمزاً · الجلسة CLOSED
01:26 KSA · CLOSED  · scanner    · بدء المسح · 1154 رمزاً · الجلسة CLOSED
01:28 KSA · CLOSED  · scanner    · بدء المسح · 1154 رمزاً · الجلسة CLOSED
01:30 KSA · CLOSED  · scanner    · بدء المسح · 1154 رمزاً · الجلسة CLOSED
01:30 KSA · CLOSED  · signal     · XRP-USD · brk ▼ 75 · 15m
01:30 KSA · CLOSED  · signal     · FIL-USD · volSpike ▼ 61 · 15m
01:30 KSA · CLOSED  · signal     · U-USD · rsiDiv ▲ 69 · 15m
01:30 KSA · CLOSED  · signal     · HOLO-USD · orb ▲ 78 · 15m
01:32 KSA · CLOSED  · scanner    · بدء المسح · 1154 رمزاً · الجلسة CLOSED
01:32 KSA · CLOSED  · signal     · TAO-USD · vwapRec ▲ 93 · 15m
01:32 KSA · CLOSED  · signal     · ASTER-USD · tfAlign ▲ 87 · 1d
01:34 KSA · CLOSED  · scanner    · بدء المسح · 1154 رمزاً · الجلسة CLOSED
01:37 KSA · CLOSED  · scanner    · بدء المسح · 1154 رمزاً · الجلسة CLOSED
01:38 KSA · CLOSED  · scanner    · بدء المسح · 1154 رمزاً · الجلسة CLOSED
01:40 KSA · CLOSED  · scanner    · بدء المسح · 1154 رمزاً · الجلسة CLOSED
01:42 KSA · CLOSED  · scanner    · بدء المسح · 1154 رمزاً · الجلسة CLOSED
01:44 KSA · CLOSED  · scanner    · بدء المسح · 1154 رمزاً · الجلسة CLOSED
01:46 KSA · CLOSED  · scanner    · بدء المسح · 1154 رمزاً · الجلسة CLOSED
01:46 KSA · CLOSED  · signal     · VTHO-USD · orb ▲ 100 · 15m
01:48 KSA · CLOSED  · scanner    · بدء المسح · 1154 رمزاً · الجلسة CLOSED
01:50 KSA · CLOSED  · scanner    · بدء المسح · 1154 رمزاً · الجلسة CLOSED
01:53 KSA · CLOSED  · scanner    · بدء المسح · 1154 رمزاً · الجلسة CLOSED
01:53 KSA · CLOSED  · signal     · TRX-USD · brk ▲ 93 · 15m
01:54 KSA · CLOSED  · scanner    · بدء المسح · 1154 رمزاً · الجلسة CLOSED
01:56 KSA · CLOSED  · scanner    · بدء المسح · 1154 رمزاً · الجلسة CLOSED
01:58 KSA · CLOSED  · scanner    · بدء المسح · 1154 رمزاً · الجلسة CLOSED
02:00 KSA · CLOSED  · scanner    · بدء المسح · 1154 رمزاً · الجلسة CLOSED
02:00 KSA · CLOSED  · signal     · TRX-USD · volSpike ▲ 89 · 15m
02:00 KSA · CLOSED  · signal     · MARSCOIN-USD · rsiDiv ▲ 57 · 15m
02:00 KSA · CLOSED  · signal     · REZ-USD · rsiDiv ▲ 67 · 15m
02:00 KSA · CLOSED  · signal     · SUI-USD · rsiDiv ▼ 56 · 1h
02:00 KSA · CLOSED  · signal     · U-USD · rsiDiv ▲ 61 · 15m
02:00 KSA · CLOSED  · signal     · TRUMP-USD · orb ▲ 65 · 15m
02:00 KSA · CLOSED  · signal     · HOLO-USD · pbTrend ▼ 69 · 1h
02:00 KSA · CLOSED  · signal     · SENT-USD · sqzExp ▲ 63 · 1h
02:00 KSA · CLOSED  · signal     · PENGU-USD · vwapRec ▲ 80 · 15m
02:02 KSA · CLOSED  · scanner    · بدء المسح · 1154 رمزاً · الجلسة CLOSED
02:04 KSA · CLOSED  · scanner    · بدء المسح · 1154 رمزاً · الجلسة CLOSED
02:07 KSA · CLOSED  · scanner    · بدء المسح · 1154 رمزاً · الجلسة CLOSED
02:08 KSA · CLOSED  · scanner    · بدء المسح · 1154 رمزاً · الجلسة CLOSED
02:10 KSA · CLOSED  · scanner    · بدء المسح · 1154 رمزاً · الجلسة CLOSED
02:12 KSA · CLOSED  · scanner    · بدء المسح · 1154 رمزاً · الجلسة CLOSED
02:14 KSA · CLOSED  · scanner    · بدء المسح · 1154 رمزاً · الجلسة CLOSED
02:16 KSA · CLOSED  · scanner    · بدء المسح · 1154 رمزاً · الجلسة CLOSED
02:16 KSA · CLOSED  · signal     · ASTER-USD · vwapRec ▲ 70 · 15m
02:18 KSA · CLOSED  · scanner    · بدء المسح · 1154 رمزاً · الجلسة CLOSED
02:20 KSA · CLOSED  · scanner    · بدء المسح · 1154 رمزاً · الجلسة CLOSED
02:22 KSA · CLOSED  · scanner    · بدء المسح · 1154 رمزاً · الجلسة CLOSED
02:24 KSA · CLOSED  · scanner    · بدء المسح · 1154 رمزاً · الجلسة CLOSED
02:26 KSA · CLOSED  · scanner    · بدء المسح · 1154 رمزاً · الجلسة CLOSED
02:28 KSA · CLOSED  · scanner    · بدء المسح · 1154 رمزاً · الجلسة CLOSED
02:30 KSA · CLOSED  · scanner    · بدء المسح · 1154 رمزاً · الجلسة CLOSED
02:30 KSA · CLOSED  · signal     · TRX-USD · volSpike ▼ 89 · 15m
02:30 KSA · CLOSED  · signal     · U-USD · vwapRec ▲ 85 · 15m
02:30 KSA · CLOSED  · signal     · ASTER-USD · orb ▼ 65 · 15m
02:30 KSA · CLOSED  · signal     · ASTER-USD · vwapRec ▼ 60 · 15m
02:32 KSA · CLOSED  · scanner    · بدء المسح · 1154 رمزاً · الجلسة CLOSED
02:32 KSA · CLOSED  · signal     · TAO-USD · vwapRec ▲ 93 · 15m
02:34 KSA · CLOSED  · scanner    · بدء المسح · 1154 رمزاً · الجلسة CLOSED
02:37 KSA · CLOSED  · scanner    · بدء المسح · 1154 رمزاً · الجلسة CLOSED
02:38 KSA · CLOSED  · scanner    · بدء المسح · 1154 رمزاً · الجلسة CLOSED
02:40 KSA · CLOSED  · scanner    · بدء المسح · 1154 رمزاً · الجلسة CLOSED
02:42 KSA · CLOSED  · scanner    · بدء المسح · 1154 رمزاً · الجلسة CLOSED
02:44 KSA · CLOSED  · scanner    · بدء المسح · 1154 رمزاً · الجلسة CLOSED
02:46 KSA · CLOSED  · scanner    · بدء المسح · 1154 رمزاً · الجلسة CLOSED
02:48 KSA · CLOSED  · scanner    · بدء المسح · 1154 رمزاً · الجلسة CLOSED
02:50 KSA · CLOSED  · scanner    · بدء المسح · 1154 رمزاً · الجلسة CLOSED
02:53 KSA · CLOSED  · scanner    · بدء المسح · 1154 رمزاً · الجلسة CLOSED
02:54 KSA · CLOSED  · scanner    · بدء المسح · 1154 رمزاً · الجلسة CLOSED
02:56 KSA · CLOSED  · scanner    · بدء المسح · 1154 رمزاً · الجلسة CLOSED
02:58 KSA · CLOSED  · scanner    · بدء المسح · 1154 رمزاً · الجلسة CLOSED
03:00 KSA · CLOSED  · scanner    · بدء المسح · 1154 رمزاً · الجلسة CLOSED
03:00 KSA · CLOSED  · signal     · ARK-USD · tfAlign ▲ 87 · 1d
03:00 KSA · CLOSED  · signal     · EUR-USD · momo ▲ 61 · 1h
03:00 KSA · CLOSED  · signal     · PENGU-USD · tfAlign ▲ 82 · 1d
03:00 KSA · CLOSED  · signal     · BFUSD-USD · volSpike ▲ 89 · 1d
03:00 KSA · CLOSED  · signal     · 1000SATS-USD · rsiDiv ▲ 92 · 1d
03:00 KSA · CLOSED  · signal     · PYTH-USD · brk ▲ 100 · 1d
03:00 KSA · CLOSED  · signal     · TIA-USD · volSpike ▲ 89 · 1d
03:00 KSA · CLOSED  · signal     · XTZ-USD · brk ▲ 95 · 1d
03:00 KSA · CLOSED  · signal     · XTZ-USD · sqzExp ▲ 100 · 1d
03:00 KSA · CLOSED  · signal     · AR-USD · sqzExp ▲ 69 · 1d
03:00 KSA · CLOSED  · signal     · AR-USD · volSpike ▲ 94 · 1d
03:00 KSA · CLOSED  · signal     · CFX-USD · rsiDiv ▲ 83 · 1d
03:00 KSA · CLOSED  · signal     · FLOKI-USD · rsiDiv ▲ 92 · 1d
03:00 KSA · CLOSED  · signal     · THETA-USD · brk ▲ 100 · 1d
03:00 KSA · CLOSED  · signal     · THETA-USD · sqzExp ▲ 100 · 1d
03:00 KSA · CLOSED  · signal     · THETA-USD · volSpike ▲ 89 · 1d
03:00 KSA · CLOSED  · signal     · JASMY-USD · rsiDiv ▲ 75 · 1d
03:00 KSA · CLOSED  · signal     · AXS-USD · volSpike ▲ 83 · 1d
03:00 KSA · CLOSED  · signal     · MANA-USD · brk ▲ 100 · 1d
03:00 KSA · CLOSED  · signal     · MANA-USD · sqzExp ▲ 88 · 1d
03:00 KSA · CLOSED  · signal     · ZAMA-USD · volSpike ▲ 100 · 1d
03:00 KSA · CLOSED  · signal     · 1INCH-USD · volSpike ▲ 89 · 1d
03:00 KSA · CLOSED  · signal     · DYDX-USD · brk ▲ 74 · 1d
03:00 KSA · CLOSED  · signal     · LPT-USD · volSpike ▲ 78 · 1d
03:00 KSA · CLOSED  · signal     · SNX-USD · volSpike ▲ 78 · 1d
03:00 KSA · CLOSED  · signal     · LINEA-USD · volSpike ▲ 78 · 1d
03:00 KSA · CLOSED  · signal     · COTI-USD · volSpike ▼ 78 · 1d
03:00 KSA · CLOSED  · signal     · ROSE-USD · volSpike ▲ 67 · 1d
03:00 KSA · CLOSED  · signal     · TRB-USD · rsiDiv ▲ 61 · 1d
03:00 KSA · CLOSED  · signal     · ALLO-USD · rsiDiv ▲ 69 · 1d
03:00 KSA · CLOSED  · signal     · PROVE-USD · volSpike ▲ 89 · 1d
03:00 KSA · CLOSED  · signal     · STEEM-USD · volSpike ▲ 89 · 1d
03:00 KSA · CLOSED  · signal     · F-USD · volSpike ▲ 100 · 1d
03:00 KSA · CLOSED  · signal     · QKC-USD · meanRev ▼ 60 · 1d
03:00 KSA · CLOSED  · signal     · COINB-USD · volSpike ▲ 78 · 1d
03:00 KSA · CLOSED  · signal     · AVA-USD · volSpike ▼ 89 · 1d
03:00 KSA · CLOSED  · signal     · C98-USD · meanRev ▼ 78 · 1d
03:00 KSA · CLOSED  · signal     · C98-USD · sqzExp ▲ 81 · 1d
03:00 KSA · CLOSED  · signal     · SPYB-USD · rsiDiv ▲ 92 · 1d
03:00 KSA · CLOSED  · signal     · SPYB-USD · volSpike ▲ 78 · 1d
03:00 KSA · CLOSED  · signal     · BABAB-USD · volSpike ▲ 89 · 1d
03:00 KSA · CLOSED  · signal     · LAZIO-USD · rsiDiv ▲ 86 · 1d
03:00 KSA · CLOSED  · signal     · TSMB-USD · volSpike ▲ 83 · 1d
03:00 KSA · CLOSED  · signal     · ASMLB-USD · volSpike ▲ 89 · 1d
03:00 KSA · CLOSED  · signal     · AMDB-USD · volSpike ▲ 72 · 1d
03:00 KSA · CLOSED  · signal     · COHRB-USD · volSpike ▲ 89 · 1d
03:00 KSA · CLOSED  · signal     · CRDOB-USD · volSpike ▲ 89 · 1d
03:00 KSA · CLOSED  · signal     · SMCIB-USD · volSpike ▼ 67 · 1d
03:00 KSA · CLOSED  · signal     · ALABB-USD · rsiDiv ▲ 58 · 1d
03:00 KSA · CLOSED  · signal     · IBMB-USD · rsiDiv ▼ 58 · 1d
03:00 KSA · CLOSED  · signal     · IBMB-USD · volSpike ▼ 100 · 1d
03:00 KSA · CLOSED  · signal     · STRK-USD · volSpike ▲ 94 · 1d
03:00 KSA · CLOSED  · signal     · SYN-USD · volSpike ▲ 67 · 1d
03:00 KSA · CLOSED  · signal     · MORPHO-USD · sqzExp ▲ 84 · 1d
03:00 KSA · CLOSED  · signal     · MET-USD · volSpike ▲ 89 · 1d
03:00 KSA · CLOSED  · signal     · MEGA-USD · volSpike ▲ 78 · 1d
03:00 KSA · CLOSED  · signal     · ZK-USD · volSpike ▲ 78 · 1d
03:00 KSA · CLOSED  · signal     · S-USD · volSpike ▲ 83 · 1d
03:00 KSA · CLOSED  · signal     · BANANA-USD · volSpike ▲ 89 · 1d
03:00 KSA · CLOSED  · signal     · GTC-USD · volSpike ▲ 67 · 1d
03:02 KSA · CLOSED  · scanner    · بدء المسح · 1154 رمزاً · الجلسة CLOSED
03:02 KSA · CLOSED  · signal     · SPCXB-USD · brk ▼ 59 · 15m
03:04 KSA · CLOSED  · scanner    · بدء المسح · 1154 رمزاً · الجلسة CLOSED
03:07 KSA · CLOSED  · scanner    · بدء المسح · 1154 رمزاً · الجلسة CLOSED
03:08 KSA · CLOSED  · scanner    · بدء المسح · 1154 رمزاً · الجلسة CLOSED
03:10 KSA · CLOSED  · scanner    · بدء المسح · 1154 رمزاً · الجلسة CLOSED
03:12 KSA · CLOSED  · scanner    · بدء المسح · 1154 رمزاً · الجلسة CLOSED
03:14 KSA · CLOSED  · scanner    · بدء المسح · 1154 رمزاً · الجلسة CLOSED
03:16 KSA · CLOSED  · scanner    · بدء المسح · 1154 رمزاً · الجلسة CLOSED
03:18 KSA · CLOSED  · scanner    · بدء المسح · 1154 رمزاً · الجلسة CLOSED
03:20 KSA · CLOSED  · scanner    · بدء المسح · 1154 رمزاً · الجلسة CLOSED
03:22 KSA · CLOSED  · scanner    · بدء المسح · 1154 رمزاً · الجلسة CLOSED
03:22 KSA · CLOSED  · signal     · U-USD · meanRev ▼ 57 · 15m
03:22 KSA · CLOSED  · signal     · U-USD · tfAlign ▲ 66 · 1d
03:24 KSA · CLOSED  · scanner    · بدء المسح · 1154 رمزاً · الجلسة CLOSED
03:26 KSA · CLOSED  · scanner    · بدء المسح · 1154 رمزاً · الجلسة CLOSED
03:28 KSA · CLOSED  · scanner    · بدء المسح · 1154 رمزاً · الجلسة CLOSED
03:30 KSA · CLOSED  · scanner    · بدء المسح · 1154 رمزاً · الجلسة CLOSED
03:30 KSA · CLOSED  · signal     · XPL-USD · brk ▲ 80 · 15m
03:30 KSA · CLOSED  · signal     · VTHO-USD · vwapRec ▲ 73 · 15m
03:30 KSA · CLOSED  · signal     · MTL-USD · vwapRec ▲ 70 · 15m
03:30 KSA · CLOSED  · signal     · SUI-USD · vwapRec ▲ 60 · 15m
03:32 KSA · CLOSED  · scanner    · بدء المسح · 1154 رمزاً · الجلسة CLOSED
03:32 KSA · CLOSED  · signal     · XAUT-USD · vwapRec ▼ 65 · 15m
03:32 KSA · CLOSED  · signal     · CAKE-USD · vwapRec ▲ 63 · 15m
03:32 KSA · CLOSED  · signal     · SOXLB-USD · vwapRec ▼ 60 · 15m
03:32 KSA · CLOSED  · signal     · TAO-USD · vwapRec ▲ 78 · 15m
03:32 KSA · CLOSED  · signal     · THE-USD · vwapRec ▼ 63 · 15m
03:34 KSA · CLOSED  · scanner    · بدء المسح · 1154 رمزاً · الجلسة CLOSED
03:37 KSA · CLOSED  · scanner    · بدء المسح · 1154 رمزاً · الجلسة CLOSED
03:38 KSA · CLOSED  · scanner    · بدء المسح · 1154 رمزاً · الجلسة CLOSED
03:40 KSA · CLOSED  · scanner    · بدء المسح · 1154 رمزاً · الجلسة CLOSED
03:43 KSA · CLOSED  · scanner    · بدء المسح · 1154 رمزاً · الجلسة CLOSED
03:47 KSA · CLOSED  · scanner    · بدء المسح · 1154 رمزاً · الجلسة CLOSED
03:47 KSA · CLOSED  · signal     · BNB-USD · orb ▲ 80 · 15m
03:47 KSA · CLOSED  · signal     · XRP-USD · vwapRec ▲ 70 · 15m
03:47 KSA · CLOSED  · signal     · AVAX-USD · orb ▲ 93 · 15m
03:47 KSA · CLOSED  · signal     · CAKE-USD · orb ▲ 75 · 15m
03:47 KSA · CLOSED  · signal     · INJ-USD · orb ▲ 85 · 15m
03:47 KSA · CLOSED  · signal     · OP-USD · orb ▲ 55 · 15m
03:47 KSA · CLOSED  · signal     · BNCB-USD · orb ▲ 78 · 15m
03:47 KSA · CLOSED  · signal     · SOXLB-USD · vwapRec ▲ 70 · 15m
03:47 KSA · CLOSED  · signal     · SUI-USD · vwapRec ▲ 60 · 15m
03:47 KSA · CLOSED  · signal     · TAO-USD · orb ▲ 93 · 15m
03:47 KSA · CLOSED  · signal     · TAO-USD · brk ▲ 91 · 15m
03:47 KSA · CLOSED  · signal     · TAO-USD · meanRev ▼ 78 · 15m
03:47 KSA · CLOSED  · signal     · TRUMP-USD · orb ▲ 75 · 15m
03:47 KSA · CLOSED  · signal     · BANK-USD · orb ▼ 68 · 15m
03:47 KSA · CLOSED  · signal     · BANK-USD · vwapRec ▼ 65 · 15m
03:47 KSA · CLOSED  · signal     · PENGU-USD · orb ▲ 80 · 15m
03:47 KSA · CLOSED  · signal     · PENGU-USD · vwapRec ▲ 70 · 15m
03:49 KSA · CLOSED  · scanner    · بدء المسح · 1154 رمزاً · الجلسة CLOSED
03:51 KSA · CLOSED  · scanner    · بدء المسح · 1154 رمزاً · الجلسة CLOSED
03:54 KSA · CLOSED  · scanner    · بدء المسح · 1154 رمزاً · الجلسة CLOSED
03:54 KSA · CLOSED  · signal     · XPL-USD · orb ▲ 80 · 15m
03:54 KSA · CLOSED  · signal     · SUI-USD · orb ▲ 63 · 15m
03:56 KSA · CLOSED  · scanner    · بدء المسح · 1154 رمزاً · الجلسة CLOSED
03:58 KSA · CLOSED  · scanner    · بدء المسح · 1154 رمزاً · الجلسة CLOSED
04:00 KSA · CLOSED  · scanner    · بدء المسح · 1154 رمزاً · الجلسة CLOSED
04:00 KSA · CLOSED  · signal     · NEAR-USD · pbTrend ▲ 90 · 1h
04:00 KSA · CLOSED  · signal     · T-USD · volSpike ▼ 89 · 15m
04:00 KSA · CLOSED  · signal     · MTL-USD · orb ▼ 80 · 15m
04:00 KSA · CLOSED  · signal     · THE-USD · vwapRec ▼ 55 · 15m
04:00 KSA · CLOSED  · signal     · ARB-USD · orb ▼ 78 · 15m
04:00 KSA · CLOSED  · signal     · HOLO-USD · vwapRec ▲ 60 · 15m
04:03 KSA · CLOSED  · scanner    · بدء المسح · 1154 رمزاً · الجلسة CLOSED
04:03 KSA · CLOSED  · signal     · DOGE-USD · vwapRec ▼ 63 · 15m
04:04 KSA · CLOSED  · scanner    · بدء المسح · 1154 رمزاً · الجلسة CLOSED
04:07 KSA · CLOSED  · scanner    · بدء المسح · 1154 رمزاً · الجلسة CLOSED
04:08 KSA · CLOSED  · scanner    · بدء المسح · 1154 رمزاً · الجلسة CLOSED
04:10 KSA · CLOSED  · scanner    · بدء المسح · 1154 رمزاً · الجلسة CLOSED
04:12 KSA · CLOSED  · scanner    · بدء المسح · 1154 رمزاً · الجلسة CLOSED
04:14 KSA · CLOSED  · scanner    · بدء المسح · 1154 رمزاً · الجلسة CLOSED
04:16 KSA · CLOSED  · scanner    · بدء المسح · 1154 رمزاً · الجلسة CLOSED
04:16 KSA · CLOSED  · signal     · XRP-USD · orb ▼ 70 · 15m
04:16 KSA · CLOSED  · signal     · ADA-USD · vwapRec ▼ 57 · 15m
04:16 KSA · CLOSED  · signal     · AVAX-USD · orb ▼ 80 · 15m
04:16 KSA · CLOSED  · signal     · HBAR-USD · brk ▲ 68 · 15m
04:16 KSA · CLOSED  · signal     · HBAR-USD · meanRev ▼ 75 · 15m
04:16 KSA · CLOSED  · signal     · SUI-USD · vwapRec ▼ 63 · 15m
04:16 KSA · CLOSED  · signal     · U-USD · vwapRec ▲ 85 · 15m
04:16 KSA · CLOSED  · signal     · U-USD · rsiDiv ▼ 77 · 15m
04:16 KSA · CLOSED  · signal     · TAO-USD · vwapRec ▼ 68 · 15m
04:16 KSA · CLOSED  · signal     · TRUMP-USD · orb ▼ 65 · 15m
04:16 KSA · CLOSED  · signal     · HOLO-USD · orb ▼ 75 · 15m
04:18 KSA · CLOSED  · scanner    · بدء المسح · 1154 رمزاً · الجلسة CLOSED
04:20 KSA · CLOSED  · scanner    · بدء المسح · 1154 رمزاً · الجلسة CLOSED
04:28 KSA · CLOSED  · scanner    · بدء المسح · 1154 رمزاً · الجلسة CLOSED
04:31 KSA · CLOSED  · scanner    · بدء المسح · 1154 رمزاً · الجلسة CLOSED
04:31 KSA · CLOSED  · signal     · CVC-USD · orb ▼ 70 · 15m
04:31 KSA · CLOSED  · signal     · HOLO-USD · volSpike ▼ 88 · 15m
04:31 KSA · CLOSED  · signal     · PENGU-USD · volSpike ▼ 75 · 15m
04:33 KSA · CLOSED  · scanner    · بدء المسح · 1154 رمزاً · الجلسة CLOSED
04:33 KSA · CLOSED  · signal     · 牛来-USD · vwapRec ▲ 75 · 15m
04:33 KSA · CLOSED  · signal     · PENGU-USD · orb ▼ 65 · 15m
04:34 KSA · CLOSED  · scanner    · بدء المسح · 1154 رمزاً · الجلسة CLOSED
04:45 KSA · CLOSED  · scanner    · بدء المسح · 1154 رمزاً · الجلسة CLOSED
04:45 KSA · CLOSED  · signal     · BNB-USD · orb ▼ 80 · 15m
04:45 KSA · CLOSED  · signal     · HEMI-USD · brk ▲ 82 · 15m
04:45 KSA · CLOSED  · signal     · HEMI-USD · volSpike ▲ 78 · 15m
04:46 KSA · CLOSED  · scanner    · بدء المسح · 1154 رمزاً · الجلسة CLOSED
04:48 KSA · CLOSED  · scanner    · بدء المسح · 1154 رمزاً · الجلسة CLOSED
04:50 KSA · CLOSED  · scanner    · بدء المسح · 1154 رمزاً · الجلسة CLOSED
04:53 KSA · CLOSED  · scanner    · بدء المسح · 1154 رمزاً · الجلسة CLOSED
04:53 KSA · CLOSED  · signal     · ETH-USD · momo ▼ 56 · 1h
04:54 KSA · CLOSED  · scanner    · بدء المسح · 1154 رمزاً · الجلسة CLOSED
04:56 KSA · CLOSED  · scanner    · بدء المسح · 1154 رمزاً · الجلسة CLOSED
04:58 KSA · CLOSED  · scanner    · بدء المسح · 1154 رمزاً · الجلسة CLOSED
05:00 KSA · CLOSED  · scanner    · بدء المسح · 1154 رمزاً · الجلسة CLOSED
05:00 KSA · CLOSED  · signal     · XLM-USD · pbTrend ▲ 90 · 1h
05:00 KSA · CLOSED  · signal     · VTHO-USD · vwapRec ▼ 68 · 15m
05:00 KSA · CLOSED  · signal     · UNI-USD · tfAlign ▲ 84 · 1d
05:00 KSA · CLOSED  · signal     · THE-USD · vwapRec ▼ 70 · 15m
05:00 KSA · CLOSED  · signal     · HOLO-USD · momo ▼ 72 · 1h
05:00 KSA · CLOSED  · signal     · PENGU-USD · vwapRec ▼ 60 · 15m
05:02 KSA · CLOSED  · scanner    · بدء المسح · 1154 رمزاً · الجلسة CLOSED
05:04 KSA · CLOSED  · scanner    · بدء المسح · 1154 رمزاً · الجلسة CLOSED
05:07 KSA · CLOSED  · scanner    · بدء المسح · 1154 رمزاً · الجلسة CLOSED
05:08 KSA · CLOSED  · scanner    · بدء المسح · 1154 رمزاً · الجلسة CLOSED
05:10 KSA · CLOSED  · scanner    · بدء المسح · 1154 رمزاً · الجلسة CLOSED
05:12 KSA · CLOSED  · scanner    · بدء المسح · 1154 رمزاً · الجلسة CLOSED
05:14 KSA · CLOSED  · scanner    · بدء المسح · 1154 رمزاً · الجلسة CLOSED
05:16 KSA · CLOSED  · scanner    · بدء المسح · 1154 رمزاً · الجلسة CLOSED
05:16 KSA · CLOSED  · signal     · MARSCOIN-USD · orb ▲ 69 · 15m
05:16 KSA · CLOSED  · signal     · SUI-USD · vwapRec ▼ 63 · 15m
05:16 KSA · CLOSED  · signal     · U-USD · tfAlign ▲ 61 · 1d
05:16 KSA · CLOSED  · signal     · BANK-USD · meanRev ▼ 60 · 15m
05:18 KSA · CLOSED  · scanner    · بدء المسح · 1154 رمزاً · الجلسة CLOSED
05:20 KSA · CLOSED  · scanner    · بدء المسح · 1154 رمزاً · الجلسة CLOSED
05:22 KSA · CLOSED  · scanner    · بدء المسح · 1154 رمزاً · الجلسة CLOSED
05:22 KSA · CLOSED  · signal     · CAKE-USD · vwapRec ▲ 70 · 15m
05:24 KSA · CLOSED  · scanner    · بدء المسح · 1154 رمزاً · الجلسة CLOSED
05:26 KSA · CLOSED  · scanner    · بدء المسح · 1154 رمزاً · الجلسة CLOSED
05:28 KSA · CLOSED  · scanner    · بدء المسح · 1154 رمزاً · الجلسة CLOSED
05:30 KSA · CLOSED  · scanner    · بدء المسح · 1154 رمزاً · الجلسة CLOSED
05:30 KSA · CLOSED  · signal     · TRX-USD · volSpike ▲ 89 · 15m
05:30 KSA · CLOSED  · signal     · ETHFI-USD · volSpike ▲ 67 · 15m
05:30 KSA · CLOSED  · signal     · BNCB-USD · meanRev ▼ 62 · 15m
05:30 KSA · CLOSED  · signal     · U-USD · tfAlign ▲ 61 · 1d
05:30 KSA · CLOSED  · signal     · BANK-USD · vwapRec ▲ 55 · 15m
05:30 KSA · CLOSED  · signal     · PENGU-USD · vwapRec ▲ 93 · 15m
05:30 KSA · CLOSED  · signal     · PENGU-USD · rsiDiv ▲ 58 · 15m
05:32 KSA · CLOSED  · scanner    · بدء المسح · 1154 رمزاً · الجلسة CLOSED
05:32 KSA · CLOSED  · signal     · BNB-USD · orb ▼ 80 · 15m
05:32 KSA · CLOSED  · signal     · TAO-USD · orb ▼ 73 · 15m
05:32 KSA · CLOSED  · signal     · THE-USD · orb ▼ 73 · 15m
05:32 KSA · CLOSED  · signal     · TRUMP-USD · orb ▼ 68 · 15m
05:32 KSA · CLOSED  · signal     · BANK-USD · meanRev ▼ 60 · 15m
05:34 KSA · CLOSED  · scanner    · بدء المسح · 1154 رمزاً · الجلسة CLOSED
05:37 KSA · CLOSED  · scanner    · بدء المسح · 1154 رمزاً · الجلسة CLOSED
05:38 KSA · CLOSED  · scanner    · بدء المسح · 1154 رمزاً · الجلسة CLOSED
05:40 KSA · CLOSED  · scanner    · بدء المسح · 1154 رمزاً · الجلسة CLOSED
05:42 KSA · CLOSED  · scanner    · بدء المسح · 1154 رمزاً · الجلسة CLOSED
05:44 KSA · CLOSED  · scanner    · بدء المسح · 1154 رمزاً · الجلسة CLOSED
05:46 KSA · CLOSED  · scanner    · بدء المسح · 1154 رمزاً · الجلسة CLOSED
05:46 KSA · CLOSED  · signal     · XRP-USD · meanRev ▲ 68 · 15m
05:46 KSA · CLOSED  · signal     · LINK-USD · meanRev ▲ 88 · 15m
05:46 KSA · CLOSED  · signal     · CAKE-USD · orb ▲ 60 · 15m
05:46 KSA · CLOSED  · signal     · XPL-USD · orb ▼ 90 · 15m
05:46 KSA · CLOSED  · signal     · REZ-USD · orb ▼ 60 · 15m
05:46 KSA · CLOSED  · signal     · SUI-USD · orb ▼ 90 · 15m
05:46 KSA · CLOSED  · signal     · 牛来-USD · brk ▼ 100 · 15m
05:46 KSA · CLOSED  · signal     · TAO-USD · brk ▼ 66 · 15m
05:46 KSA · CLOSED  · signal     · HOLO-USD · brk ▼ 91 · 15m
05:46 KSA · CLOSED  · signal     · PENGU-USD · orb ▼ 60 · 15m
05:46 KSA · CLOSED  · signal     · ASTER-USD · brk ▼ 73 · 15m
05:46 KSA · CLOSED  · signal     · ASTER-USD · meanRev ▲ 68 · 15m
05:48 KSA · CLOSED  · scanner    · بدء المسح · 1154 رمزاً · الجلسة CLOSED
05:50 KSA · CLOSED  · scanner    · بدء المسح · 1154 رمزاً · الجلسة CLOSED
05:53 KSA · CLOSED  · scanner    · بدء المسح · 1154 رمزاً · الجلسة CLOSED
05:53 KSA · CLOSED  · signal     · DOGE-USD · brk ▼ 75 · 15m
05:53 KSA · CLOSED  · signal     · HBAR-USD · brk ▲ 64 · 15m
05:53 KSA · CLOSED  · signal     · ONDO-USD · pbTrend ▲ 90 · 1h
05:53 KSA · CLOSED  · signal     · FET-USD · meanRev ▲ 65 · 15m
05:53 KSA · CLOSED  · signal     · XPL-USD · brk ▼ 73 · 15m
05:53 KSA · CLOSED  · signal     · VTHO-USD · orb ▼ 80 · 15m
05:53 KSA · CLOSED  · signal     · MUB-USD · brk ▼ 77 · 15m
05:53 KSA · CLOSED  · signal     · SUI-USD · brk ▼ 77 · 15m
05:53 KSA · CLOSED  · signal     · SUI-USD · meanRev ▲ 85 · 15m
05:53 KSA · CLOSED  · signal     · THE-USD · meanRev ▲ 57 · 15m
05:53 KSA · CLOSED  · signal     · PUMP-USD · pbTrend ▲ 76 · 1h
05:53 KSA · CLOSED  · signal     · ARB-USD · orb ▼ 75 · 15m
05:53 KSA · CLOSED  · signal     · HOLO-USD · meanRev ▲ 73 · 15m
05:53 KSA · CLOSED  · signal     · PENGU-USD · brk ▼ 68 · 15m
05:53 KSA · CLOSED  · signal     · PENGU-USD · meanRev ▲ 93 · 15m
05:53 KSA · CLOSED  · signal     · WLFI-USD · pbTrend ▲ 67 · 1h
05:53 KSA · CLOSED  · signal     · ASTER-USD · pbTrend ▲ 90 · 1h
05:53 KSA · CLOSED  · signal     · BRO · brk ▼ 76 · 1d
05:53 KSA · CLOSED  · signal     · BR · brk ▼ 61 · 1d
05:53 KSA · CLOSED  · signal     · CPT · meanRev ▲ 60 · 1d
05:55 KSA · CLOSED  · scanner    · بدء المسح · 1154 رمزاً · الجلسة CLOSED
05:56 KSA · CLOSED  · scanner    · بدء المسح · 1154 رمزاً · الجلسة CLOSED
05:58 KSA · CLOSED  · scanner    · بدء المسح · 1154 رمزاً · الجلسة CLOSED
06:00 KSA · CLOSED  · scanner    · بدء المسح · 1154 رمزاً · الجلسة CLOSED
06:00 KSA · CLOSED  · signal     · ETH-USD · sqzExp ▼ 83 · 1h
06:00 KSA · CLOSED  · signal     · BNB-USD · volSpike ▼ 83 · 15m
06:00 KSA · CLOSED  · signal     · XRP-USD · sqzExp ▼ 75 · 1h
06:00 KSA · CLOSED  · signal     · SOL-USD · sqzExp ▼ 83 · 1h
06:00 KSA · CLOSED  · signal     · DOGE-USD · sqzExp ▼ 73 · 1h
06:00 KSA · CLOSED  · signal     · LINK-USD · sqzExp ▼ 80 · 1h
06:00 KSA · CLOSED  · signal     · LINK-USD · volSpike ▼ 72 · 15m
06:00 KSA · CLOSED  · signal     · ADA-USD · pbTrend ▲ 86 · 1h
06:00 KSA · CLOSED  · signal     · BCH-USD · pbTrend ▲ 67 · 1h
06:00 KSA · CLOSED  · signal     · XAUT-USD · sqzExp ▼ 68 · 1h
06:00 KSA · CLOSED  · signal     · AAVE-USD · sqzExp ▼ 73 · 1h
06:00 KSA · CLOSED  · signal     · DOT-USD · sqzExp ▼ 65 · 1h
06:00 KSA · CLOSED  · signal     · DOT-USD · volSpike ▼ 78 · 15m
06:00 KSA · CLOSED  · signal     · ICP-USD · sqzExp ▼ 83 · 1h
06:00 KSA · CLOSED  · signal     · INJ-USD · rsiDiv ▼ 61 · 1h
06:00 KSA · CLOSED  · signal     · RAY-USD · volSpike ▼ 89 · 15m
06:00 KSA · CLOSED  · signal     · FET-USD · sqzExp ▼ 78 · 1h
06:00 KSA · CLOSED  · signal     · FET-USD · volSpike ▼ 89 · 15m
06:00 KSA · CLOSED  · signal     · CRCLB-USD · pbTrend ▲ 57 · 1h
06:00 KSA · CLOSED  · signal     · CRCLB-USD · sqzExp ▼ 93 · 1h
06:00 KSA · CLOSED  · signal     · MARSCOIN-USD · meanRev ▲ 82 · 15m
06:00 KSA · CLOSED  · signal     · MARSCOIN-USD · volSpike ▼ 81 · 15m
06:00 KSA · CLOSED  · signal     · MUB-USD · pbTrend ▲ 86 · 1h
06:00 KSA · CLOSED  · signal     · SNDKB-USD · pbTrend ▲ 90 · 1h
06:00 KSA · CLOSED  · signal     · BNCB-USD · volSpike ▼ 100 · 15m
06:00 KSA · CLOSED  · signal     · SNXXB-USD · pbTrend ▲ 90 · 1h
06:00 KSA · CLOSED  · signal     · SNXXB-USD · momo ▼ 64 · 1h
06:00 KSA · CLOSED  · signal     · UNI-USD · pbTrend ▲ 86 · 1h
06:00 KSA · CLOSED  · signal     · SUI-USD · pbTrend ▲ 81 · 1h
06:00 KSA · CLOSED  · signal     · SUI-USD · volSpike ▼ 100 · 15m
06:00 KSA · CLOSED  · signal     · TAO-USD · pbTrend ▲ 90 · 1h
06:00 KSA · CLOSED  · signal     · TAO-USD · volSpike ▼ 78 · 15m
06:00 KSA · CLOSED  · signal     · PUMP-USD · sqzExp ▼ 68 · 1h
06:00 KSA · CLOSED  · signal     · PUMP-USD · volSpike ▼ 81 · 15m
06:00 KSA · CLOSED  · signal     · HOLO-USD · volSpike ▼ 100 · 15m
06:00 KSA · CLOSED  · signal     · PENGU-USD · sqzExp ▼ 78 · 1h
06:00 KSA · CLOSED  · signal     · PENGU-USD · volSpike ▼ 78 · 15m
06:00 KSA · CLOSED  · signal     · ASTER-USD · sqzExp ▼ 60 · 1h
06:00 KSA · CLOSED  · signal     · ASTER-USD · volSpike ▼ 83 · 15m
06:00 KSA · CLOSED  · signal     · APT-USD · pbTrend ▲ 86 · 1h
06:03 KSA · CLOSED  · scanner    · بدء المسح · 1154 رمزاً · الجلسة CLOSED
06:03 KSA · CLOSED  · signal     · XPL-USD · meanRev ▲ 70 · 15m
06:03 KSA · CLOSED  · signal     · SPCXB-USD · brk ▼ 77 · 15m
06:03 KSA · CLOSED  · signal     · T-USD · brk ▼ 68 · 15m
06:03 KSA · CLOSED  · signal     · THE-USD · brk ▼ 68 · 15m
06:03 KSA · CLOSED  · signal     · THE-USD · meanRev ▲ 73 · 15m
06:03 KSA · CLOSED  · signal     · BANK-USD · vwapRec ▲ 80 · 15m
06:03 KSA · CLOSED  · signal     · CSX · sqzExp ▼ 84 · 1d
06:03 KSA · CLOSED  · signal     · FANG · volSpike ▲ 61 · 1d
06:03 KSA · CLOSED  · signal     · CPRT · brk ▼ 76 · 1d
06:03 KSA · CLOSED  · signal     · CMS · meanRev ▲ 65 · 1d
06:03 KSA · CLOSED  · signal     · STZ · brk ▼ 61 · 1d
06:03 KSA · CLOSED  · signal     · STZ · sqzExp ▼ 59 · 1d
06:03 KSA · CLOSED  · signal     · CHTR · brk ▼ 68 · 1d
06:03 KSA · CLOSED  · signal     · CHTR · sqzExp ▼ 75 · 1d
06:04 KSA · CLOSED  · scanner    · بدء المسح · 1154 رمزاً · الجلسة CLOSED
06:07 KSA · CLOSED  · scanner    · بدء المسح · 1154 رمزاً · الجلسة CLOSED
06:08 KSA · CLOSED  · scanner    · بدء المسح · 1154 رمزاً · الجلسة CLOSED
06:10 KSA · CLOSED  · scanner    · بدء المسح · 1154 رمزاً · الجلسة CLOSED
06:13 KSA · CLOSED  · scanner    · بدء المسح · 1154 رمزاً · الجلسة CLOSED
06:14 KSA · CLOSED  · scanner    · بدء المسح · 1154 رمزاً · الجلسة CLOSED
06:16 KSA · CLOSED  · scanner    · بدء المسح · 1154 رمزاً · الجلسة CLOSED
06:16 KSA · CLOSED  · signal     · CAKE-USD · orb ▼ 65 · 15m
06:16 KSA · CLOSED  · signal     · OP-USD · orb ▼ 75 · 15m
06:16 KSA · CLOSED  · signal     · MARSCOIN-USD · orb ▼ 83 · 15m
06:16 KSA · CLOSED  · signal     · T-USD · volSpike ▼ 78 · 15m
06:16 KSA · CLOSED  · signal     · BNCB-USD · vwapRec ▼ 56 · 15m
06:16 KSA · CLOSED  · signal     · UNI-USD · volSpike ▼ 56 · 15m
06:16 KSA · CLOSED  · signal     · BANK-USD · orb ▼ 85 · 15m
06:18 KSA · CLOSED  · scanner    · بدء المسح · 1154 رمزاً · الجلسة CLOSED
06:20 KSA · CLOSED  · scanner    · بدء المسح · 1154 رمزاً · الجلسة CLOSED
06:23 KSA · CLOSED  · scanner    · بدء المسح · 1154 رمزاً · الجلسة CLOSED
06:23 KSA · CLOSED  · signal     · XRP-USD · meanRev ▲ 75 · 15m
06:23 KSA · CLOSED  · signal     · SOL-USD · meanRev ▲ 75 · 15m
06:23 KSA · CLOSED  · signal     · INJ-USD · meanRev ▲ 73 · 15m
06:23 KSA · CLOSED  · signal     · HOLO-USD · meanRev ▲ 73 · 15m
06:24 KSA · CLOSED  · scanner    · بدء المسح · 1154 رمزاً · الجلسة CLOSED
06:26 KSA · CLOSED  · scanner    · بدء المسح · 1154 رمزاً · الجلسة CLOSED
06:28 KSA · CLOSED  · scanner    · بدء المسح · 1154 رمزاً · الجلسة CLOSED
06:30 KSA · CLOSED  · scanner    · بدء المسح · 1154 رمزاً · الجلسة CLOSED
06:30 KSA · CLOSED  · signal     · ETHFI-USD · volSpike ▼ 67 · 15m
06:30 KSA · CLOSED  · signal     · BNCB-USD · orb ▼ 86 · 15m
06:30 KSA · CLOSED  · signal     · BNCB-USD · rsiDiv ▼ 64 · 15m
06:30 KSA · CLOSED  · signal     · UNI-USD · orb ▲ 90 · 15m
06:30 KSA · CLOSED  · signal     · U-USD · vwapRec ▲ 93 · 15m
06:30 KSA · CLOSED  · signal     · BANK-USD · vwapRec ▼ 65 · 15m
06:33 KSA · CLOSED  · scanner    · بدء المسح · 1154 رمزاً · الجلسة CLOSED
06:33 KSA · CLOSED  · signal     · WLD-USD · orb ▼ 75 · 15m
06:33 KSA · CLOSED  · signal     · 牛来-USD · vwapRec ▼ 78 · 15m
06:33 KSA · CLOSED  · signal     · BANK-USD · brk ▼ 77 · 15m
06:34 KSA · CLOSED  · scanner    · بدء المسح · 1154 رمزاً · الجلسة CLOSED
06:37 KSA · CLOSED  · scanner    · بدء المسح · 1154 رمزاً · الجلسة CLOSED
06:40 KSA · CLOSED  · scanner    · بدء المسح · 1154 رمزاً · الجلسة CLOSED
06:43 KSA · CLOSED  · scanner    · بدء المسح · 1154 رمزاً · الجلسة CLOSED
06:44 KSA · CLOSED  · scanner    · بدء المسح · 1154 رمزاً · الجلسة CLOSED
06:46 KSA · CLOSED  · scanner    · بدء المسح · 1154 رمزاً · الجلسة CLOSED
06:46 KSA · CLOSED  · signal     · AAVE-USD · meanRev ▲ 88 · 15m
06:46 KSA · CLOSED  · signal     · INJ-USD · orb ▼ 73 · 15m
06:46 KSA · CLOSED  · signal     · THE-USD · orb ▼ 75 · 15m
06:48 KSA · CLOSED  · scanner    · بدء المسح · 1154 رمزاً · الجلسة CLOSED
06:50 KSA · CLOSED  · scanner    · بدء المسح · 1154 رمزاً · الجلسة CLOSED
06:53 KSA · CLOSED  · scanner    · بدء المسح · 1154 رمزاً · الجلسة CLOSED
06:53 KSA · CLOSED  · signal     · PAXG-USD · sqzExp ▼ 65 · 1h
06:53 KSA · CLOSED  · signal     · CAKE-USD · sqzExp ▼ 68 · 1h
06:53 KSA · CLOSED  · signal     · DASH-USD · sqzExp ▼ 65 · 1h
06:53 KSA · CLOSED  · signal     · ETHFI-USD · sqzExp ▼ 65 · 1h
06:53 KSA · CLOSED  · signal     · PENDLE-USD · sqzExp ▼ 55 · 1h
06:53 KSA · CLOSED  · signal     · SPCXB-USD · sqzExp ▼ 55 · 1h
06:53 KSA · CLOSED  · signal     · MSTRB-USD · pbTrend ▲ 81 · 1h
06:53 KSA · CLOSED  · signal     · T-USD · pbTrend ▲ 81 · 1h
06:53 KSA · CLOSED  · signal     · UNI-USD · momo ▼ 69 · 1h
06:53 KSA · CLOSED  · signal     · PEPE-USD · pbTrend ▲ 81 · 1h
06:53 KSA · CLOSED  · signal     · TRUMP-USD · sqzExp ▼ 80 · 1h
06:53 KSA · CLOSED  · signal     · SENT-USD · sqzExp ▼ 65 · 1h
06:53 KSA · CLOSED  · signal     · WLFI-USD · sqzExp ▼ 68 · 1h
06:53 KSA · CLOSED  · signal     · ALGO-USD · brk ▲ 71 · 1d
06:53 KSA · CLOSED  · signal     · ALGO-USD · meanRev ▼ 70 · 1d
06:53 KSA · CLOSED  · signal     · VET-USD · brk ▲ 84 · 1d
06:53 KSA · CLOSED  · signal     · VET-USD · meanRev ▼ 60 · 1d
06:53 KSA · CLOSED  · signal     · VET-USD · sqzExp ▲ 59 · 1d
06:53 KSA · CLOSED  · signal     · ZAMA-USD · brk ▲ 87 · 1d
06:53 KSA · CLOSED  · signal     · ZAMA-USD · sqzExp ▲ 84 · 1d
06:53 KSA · CLOSED  · signal     · GOOGLB-USD · brk ▲ 61 · 1d
06:53 KSA · CLOSED  · signal     · API3-USD · meanRev ▼ 68 · 1d
06:53 KSA · CLOSED  · signal     · STX-USD · brk ▲ 100 · 1d
06:53 KSA · CLOSED  · signal     · STX-USD · sqzExp ▲ 84 · 1d
06:55 KSA · CLOSED  · scanner    · بدء المسح · 1154 رمزاً · الجلسة CLOSED
06:57 KSA · CLOSED  · scanner    · بدء المسح · 1154 رمزاً · الجلسة CLOSED
06:58 KSA · CLOSED  · scanner    · بدء المسح · 1154 رمزاً · الجلسة CLOSED
07:00 KSA · CLOSED  · scanner    · بدء المسح · 1154 رمزاً · الجلسة CLOSED
07:00 KSA · CLOSED  · signal     · LINK-USD · pbTrend ▲ 76 · 1h
07:00 KSA · CLOSED  · signal     · DASH-USD · pbTrend ▲ 69 · 1h
07:00 KSA · CLOSED  · signal     · FET-USD · pbTrend ▲ 57 · 1h
07:00 KSA · CLOSED  · signal     · SPCXB-USD · rsiDiv ▲ 56 · 15m
07:00 KSA · CLOSED  · signal     · ARK-USD · vwapRec ▲ 78 · 15m
07:00 KSA · CLOSED  · signal     · MTL-USD · rsiDiv ▼ 58 · 1h
07:00 KSA · CLOSED  · signal     · UNI-USD · orb ▲ 88 · 15m
07:00 KSA · CLOSED  · signal     · UNI-USD · tfAlign ▲ 92 · 1d
07:00 KSA · CLOSED  · signal     · ARB-USD · orb ▲ 85 · 15m
07:04 KSA · CLOSED  · scanner    · بدء المسح · 1154 رمزاً · الجلسة CLOSED
07:04 KSA · CLOSED  · signal     · CHZ-USD · meanRev ▼ 93 · 1d
07:04 KSA · CLOSED  · signal     · BERA-USD · brk ▲ 89 · 1d
07:04 KSA · CLOSED  · signal     · BERA-USD · meanRev ▼ 60 · 1d
07:04 KSA · CLOSED  · signal     · BERA-USD · sqzExp ▲ 78 · 1d
07:04 KSA · CLOSED  · signal     · RONIN-USD · meanRev ▼ 73 · 1d
07:04 KSA · CLOSED  · signal     · VANA-USD · brk ▲ 89 · 1d
07:04 KSA · CLOSED  · signal     · VANA-USD · sqzExp ▲ 94 · 1d
07:05 KSA · CLOSED  · scanner    · بدء المسح · 1154 رمزاً · الجلسة CLOSED
07:06 KSA · CLOSED  · scanner    · بدء المسح · 1154 رمزاً · الجلسة CLOSED
07:10 KSA · CLOSED  · scanner    · بدء المسح · 1154 رمزاً · الجلسة CLOSED
07:13 KSA · CLOSED  · scanner    · بدء المسح · 1154 رمزاً · الجلسة CLOSED
07:13 KSA · CLOSED  · signal     · RUNE-USD · sqzExp ▲ 91 · 1d
07:13 KSA · CLOSED  · signal     · NEO-USD · brk ▲ 100 · 1d
07:13 KSA · CLOSED  · signal     · NEO-USD · sqzExp ▲ 78 · 1d
07:13 KSA · CLOSED  · signal     · ZIL-USD · brk ▲ 95 · 1d
07:13 KSA · CLOSED  · signal     · ZIL-USD · sqzExp ▲ 84 · 1d
07:13 KSA · CLOSED  · signal     · 0G-USD · meanRev ▼ 68 · 1d
07:13 KSA · CLOSED  · signal     · PEOPLE-USD · brk ▲ 71 · 1d
07:13 KSA · CLOSED  · signal     · AGLD-USD · brk ▲ 89 · 1d
07:13 KSA · CLOSED  · signal     · AGLD-USD · meanRev ▼ 65 · 1d
07:13 KSA · CLOSED  · signal     · AGLD-USD · sqzExp ▲ 91 · 1d
07:13 KSA · CLOSED  · signal     · NIGHT-USD · brk ▲ 87 · 1d
07:13 KSA · CLOSED  · signal     · CYBER-USD · brk ▲ 63 · 1d
07:14 KSA · CLOSED  · scanner    · بدء المسح · 1154 رمزاً · الجلسة CLOSED
07:16 KSA · CLOSED  · scanner    · بدء المسح · 1154 رمزاً · الجلسة CLOSED
07:16 KSA · CLOSED  · signal     · OP-USD · orb ▲ 90 · 15m
07:16 KSA · CLOSED  · signal     · T-USD · vwapRec ▼ 78 · 15m
07:18 KSA · CLOSED  · scanner    · بدء المسح · 1154 رمزاً · الجلسة CLOSED
07:20 KSA · CLOSED  · scanner    · بدء المسح · 1154 رمزاً · الجلسة CLOSED
07:23 KSA · CLOSED  · scanner    · بدء المسح · 1154 رمزاً · الجلسة CLOSED
07:23 KSA · CLOSED  · signal     · 1INCH-USD · brk ▲ 82 · 1d
07:23 KSA · CLOSED  · signal     · CELO-USD · brk ▲ 95 · 1d
07:23 KSA · CLOSED  · signal     · CELO-USD · meanRev ▼ 68 · 1d
07:23 KSA · CLOSED  · signal     · CELO-USD · sqzExp ▲ 100 · 1d
07:23 KSA · CLOSED  · signal     · EUL-USD · meanRev ▼ 70 · 1d
07:23 KSA · CLOSED  · signal     · EUL-USD · sqzExp ▲ 84 · 1d
07:23 KSA · CLOSED  · signal     · PHA-USD · brk ▲ 84 · 1d
07:23 KSA · CLOSED  · signal     · PHA-USD · sqzExp ▲ 91 · 1d
07:23 KSA · CLOSED  · signal     · HEI-USD · sqzExp ▲ 100 · 1d
07:24 KSA · CLOSED  · scanner    · بدء المسح · 1154 رمزاً · الجلسة CLOSED
07:26 KSA · CLOSED  · scanner    · بدء المسح · 1154 رمزاً · الجلسة CLOSED
07:28 KSA · CLOSED  · scanner    · بدء المسح · 1154 رمزاً · الجلسة CLOSED
07:30 KSA · CLOSED  · scanner    · بدء المسح · 1154 رمزاً · الجلسة CLOSED
07:30 KSA · CLOSED  · signal     · HEMI-USD · momo ▲ 61 · 1h
07:33 KSA · CLOSED  · scanner    · بدء المسح · 1154 رمزاً · الجلسة CLOSED
07:33 KSA · CLOSED  · signal     · U-USD · tfAlign ▲ 71 · 1d
07:33 KSA · CLOSED  · signal     · RSR-USD · brk ▲ 100 · 1d
07:33 KSA · CLOSED  · signal     · RSR-USD · sqzExp ▲ 84 · 1d
07:33 KSA · CLOSED  · signal     · FLUX-USD · meanRev ▼ 78 · 1d
07:33 KSA · CLOSED  · signal     · COW-USD · sqzExp ▲ 84 · 1d
07:34 KSA · CLOSED  · scanner    · بدء المسح · 1154 رمزاً · الجلسة CLOSED
07:37 KSA · CLOSED  · scanner    · بدء المسح · 1154 رمزاً · الجلسة CLOSED
07:38 KSA · CLOSED  · scanner    · بدء المسح · 1154 رمزاً · الجلسة CLOSED
07:40 KSA · CLOSED  · scanner    · بدء المسح · 1154 رمزاً · الجلسة CLOSED
07:43 KSA · CLOSED  · scanner    · بدء المسح · 1154 رمزاً · الجلسة CLOSED
07:43 KSA · CLOSED  · signal     · SKL-USD · brk ▲ 79 · 1d
07:43 KSA · CLOSED  · signal     · SKL-USD · meanRev ▼ 100 · 1d
07:43 KSA · CLOSED  · signal     · SKL-USD · sqzExp ▲ 88 · 1d
07:43 KSA · CLOSED  · signal     · EPIC-USD · meanRev ▼ 70 · 1d
07:43 KSA · CLOSED  · signal     · EPIC-USD · sqzExp ▲ 94 · 1d
07:43 KSA · CLOSED  · signal     · ONE-USD · brk ▲ 74 · 1d
07:43 KSA · CLOSED  · signal     · ONE-USD · sqzExp ▲ 100 · 1d
07:43 KSA · CLOSED  · signal     · G-USD · sqzExp ▲ 100 · 1d
07:43 KSA · CLOSED  · signal     · HOME-USD · sqzExp ▲ 81 · 1d
07:43 KSA · CLOSED  · signal     · ME-USD · meanRev ▼ 85 · 1d
07:44 KSA · CLOSED  · scanner    · بدء المسح · 1154 رمزاً · الجلسة CLOSED
07:46 KSA · CLOSED  · scanner    · بدء المسح · 1154 رمزاً · الجلسة CLOSED
07:48 KSA · CLOSED  · scanner    · بدء المسح · 1154 رمزاً · الجلسة CLOSED
07:50 KSA · CLOSED  · scanner    · بدء المسح · 1154 رمزاً · الجلسة CLOSED
07:53 KSA · CLOSED  · scanner    · بدء المسح · 1154 رمزاً · الجلسة CLOSED
07:53 KSA · CLOSED  · signal     · CAKE-USD · pbTrend ▲ 57 · 1h
07:53 KSA · CLOSED  · signal     · CELR-USD · brk ▲ 63 · 1d
07:53 KSA · CLOSED  · signal     · CELR-USD · sqzExp ▲ 100 · 1d
07:53 KSA · CLOSED  · signal     · BIGTIME-USD · sqzExp ▲ 75 · 1d
07:53 KSA · CLOSED  · signal     · BREV-USD · brk ▲ 66 · 1d
07:53 KSA · CLOSED  · signal     · BREV-USD · meanRev ▼ 65 · 1d
07:53 KSA · CLOSED  · signal     · DYM-USD · brk ▲ 84 · 1d
07:53 KSA · CLOSED  · signal     · ID-USD · meanRev ▼ 60 · 1d
07:53 KSA · CLOSED  · signal     · ERA-USD · meanRev ▼ 65 · 1d
07:53 KSA · CLOSED  · signal     · IMX-USD · brk ▲ 89 · 1d
07:53 KSA · CLOSED  · signal     · IMX-USD · meanRev ▼ 85 · 1d
07:53 KSA · CLOSED  · signal     · IMX-USD · sqzExp ▲ 81 · 1d
07:55 KSA · CLOSED  · scanner    · بدء المسح · 1154 رمزاً · الجلسة CLOSED
07:56 KSA · CLOSED  · scanner    · بدء المسح · 1154 رمزاً · الجلسة CLOSED
07:58 KSA · CLOSED  · scanner    · بدء المسح · 1154 رمزاً · الجلسة CLOSED
08:00 KSA · CLOSED  · scanner    · بدء المسح · 1154 رمزاً · الجلسة CLOSED
08:00 KSA · CLOSED  · signal     · CAKE-USD · momo ▼ 69 · 1h
08:00 KSA · CLOSED  · signal     · U-USD · vwapRec ▲ 70 · 15m
08:00 KSA · CLOSED  · signal     · U-USD · tfAlign ▲ 71 · 1d
08:00 KSA · CLOSED  · signal     · ARB-USD · rsiDiv ▼ 69 · 15m
08:03 KSA · CLOSED  · scanner    · بدء المسح · 1154 رمزاً · الجلسة CLOSED
08:03 KSA · CLOSED  · signal     · MANTA-USD · brk ▲ 79 · 1d
08:03 KSA · CLOSED  · signal     · MANTA-USD · meanRev ▼ 70 · 1d
08:03 KSA · CLOSED  · signal     · MANTA-USD · sqzExp ▲ 84 · 1d
08:03 KSA · CLOSED  · signal     · USUAL-USD · brk ▲ 92 · 1d
08:03 KSA · CLOSED  · signal     · USUAL-USD · sqzExp ▲ 100 · 1d
08:03 KSA · CLOSED  · signal     · YGG-USD · meanRev ▼ 60 · 1d
08:03 KSA · CLOSED  · signal     · CHR-USD · brk ▲ 74 · 1d
08:03 KSA · CLOSED  · signal     · AXL-USD · meanRev ▼ 68 · 1d
08:04 KSA · CLOSED  · scanner    · بدء المسح · 1154 رمزاً · الجلسة CLOSED
08:07 KSA · CLOSED  · scanner    · بدء المسح · 1154 رمزاً · الجلسة CLOSED
08:08 KSA · CLOSED  · scanner    · بدء المسح · 1154 رمزاً · الجلسة CLOSED
08:10 KSA · CLOSED  · scanner    · بدء المسح · 1154 رمزاً · الجلسة CLOSED
08:13 KSA · CLOSED  · scanner    · بدء المسح · 1154 رمزاً · الجلسة CLOSED
08:13 KSA · CLOSED  · signal     · WIN-USD · brk ▲ 66 · 1d
08:13 KSA · CLOSED  · signal     · BAND-USD · sqzExp ▲ 91 · 1d
08:13 KSA · CLOSED  · signal     · C98-USD · brk ▲ 58 · 1d
08:13 KSA · CLOSED  · signal     · JOE-USD · meanRev ▼ 60 · 1d
08:13 KSA · CLOSED  · signal     · OGN-USD · sqzExp ▲ 88 · 1d
08:13 KSA · CLOSED  · signal     · C-USD · brk ▲ 79 · 1d
08:13 KSA · CLOSED  · signal     · C-USD · meanRev ▼ 70 · 1d
08:14 KSA · CLOSED  · scanner    · بدء المسح · 1154 رمزاً · الجلسة CLOSED
08:16 KSA · CLOSED  · scanner    · بدء المسح · 1154 رمزاً · الجلسة CLOSED
08:16 KSA · CLOSED  · signal     · TRX-USD · momo ▲ 83 · 1h
08:16 KSA · CLOSED  · signal     · MARSCOIN-USD · orb ▼ 56 · 15m
08:16 KSA · CLOSED  · signal     · BNCB-USD · vwapRec ▲ 61 · 15m
08:16 KSA · CLOSED  · signal     · SOXLB-USD · vwapRec ▼ 83 · 15m
08:18 KSA · CLOSED  · scanner    · بدء المسح · 1154 رمزاً · الجلسة CLOSED
08:20 KSA · CLOSED  · scanner    · بدء المسح · 1154 رمزاً · الجلسة CLOSED
08:23 KSA · CLOSED  · scanner    · بدء المسح · 1154 رمزاً · الجلسة CLOSED
08:23 KSA · CLOSED  · signal     · GTC-USD · meanRev ▼ 78 · 1d
08:24 KSA · CLOSED  · scanner    · بدء المسح · 1154 رمزاً · الجلسة CLOSED
08:26 KSA · CLOSED  · scanner    · بدء المسح · 1154 رمزاً · الجلسة CLOSED
08:28 KSA · CLOSED  · scanner    · بدء المسح · 1154 رمزاً · الجلسة CLOSED
08:30 KSA · CLOSED  · scanner    · بدء المسح · 1154 رمزاً · الجلسة CLOSED
08:30 KSA · CLOSED  · signal     · BNCB-USD · orb ▲ 78 · 15m
08:30 KSA · CLOSED  · signal     · BNCB-USD · meanRev ▼ 71 · 15m
08:30 KSA · CLOSED  · signal     · THE-USD · orb ▼ 75 · 15m
08:32 KSA · CLOSED  · scanner    · بدء المسح · 1154 رمزاً · الجلسة CLOSED
08:32 KSA · CLOSED  · signal     · MARSCOIN-USD · brk ▲ 86 · 15m
08:34 KSA · CLOSED  · scanner    · بدء المسح · 1154 رمزاً · الجلسة CLOSED
08:37 KSA · CLOSED  · scanner    · بدء المسح · 1154 رمزاً · الجلسة CLOSED
08:38 KSA · CLOSED  · scanner    · بدء المسح · 1154 رمزاً · الجلسة CLOSED
08:40 KSA · CLOSED  · scanner    · بدء المسح · 1154 رمزاً · الجلسة CLOSED
08:42 KSA · CLOSED  · scanner    · بدء المسح · 1154 رمزاً · الجلسة CLOSED
08:44 KSA · CLOSED  · scanner    · بدء المسح · 1154 رمزاً · الجلسة CLOSED
08:46 KSA · CLOSED  · scanner    · بدء المسح · 1154 رمزاً · الجلسة CLOSED
08:48 KSA · CLOSED  · scanner    · بدء المسح · 1154 رمزاً · الجلسة CLOSED
08:50 KSA · CLOSED  · scanner    · بدء المسح · 1154 رمزاً · الجلسة CLOSED
08:53 KSA · CLOSED  · scanner    · بدء المسح · 1154 رمزاً · الجلسة CLOSED
08:53 KSA · CLOSED  · signal     · U-USD · vwapRec ▲ 70 · 15m
08:53 KSA · CLOSED  · signal     · U-USD · tfAlign ▲ 71 · 1d
08:54 KSA · CLOSED  · scanner    · بدء المسح · 1154 رمزاً · الجلسة CLOSED
08:56 KSA · CLOSED  · scanner    · بدء المسح · 1154 رمزاً · الجلسة CLOSED
08:58 KSA · CLOSED  · scanner    · بدء المسح · 1154 رمزاً · الجلسة CLOSED
09:00 KSA · CLOSED  · scanner    · بدء المسح · 1154 رمزاً · الجلسة CLOSED
09:00 KSA · CLOSED  · signal     · MARSCOIN-USD · volSpike ▲ 63 · 15m
09:00 KSA · CLOSED  · signal     · MARSCOIN-USD · momo ▲ 67 · 1h
09:00 KSA · CLOSED  · signal     · BNCB-USD · sqzExp ▲ 100 · 1h
09:02 KSA · CLOSED  · scanner    · بدء المسح · 1154 رمزاً · الجلسة CLOSED
09:02 KSA · CLOSED  · signal     · BNCB-USD · brk ▲ 100 · 15m
09:02 KSA · CLOSED  · signal     · U-USD · vwapRec ▲ 70 · 15m
09:02 KSA · CLOSED  · signal     · U-USD · tfAlign ▲ 71 · 1d
09:04 KSA · CLOSED  · scanner    · بدء المسح · 1154 رمزاً · الجلسة CLOSED
09:07 KSA · CLOSED  · scanner    · بدء المسح · 1154 رمزاً · الجلسة CLOSED
09:08 KSA · CLOSED  · scanner    · بدء المسح · 1154 رمزاً · الجلسة CLOSED
09:10 KSA · CLOSED  · scanner    · بدء المسح · 1154 رمزاً · الجلسة CLOSED
09:12 KSA · CLOSED  · scanner    · بدء المسح · 1154 رمزاً · الجلسة CLOSED
09:14 KSA · CLOSED  · scanner    · بدء المسح · 1154 رمزاً · الجلسة CLOSED
09:16 KSA · CLOSED  · scanner    · بدء المسح · 1154 رمزاً · الجلسة CLOSED
09:16 KSA · CLOSED  · signal     · CAKE-USD · vwapRec ▼ 90 · 15m
09:18 KSA · CLOSED  · scanner    · بدء المسح · 1154 رمزاً · الجلسة CLOSED
09:20 KSA · CLOSED  · scanner    · بدء المسح · 1154 رمزاً · الجلسة CLOSED
09:22 KSA · CLOSED  · scanner    · بدء المسح · 1154 رمزاً · الجلسة CLOSED
09:24 KSA · CLOSED  · scanner    · بدء المسح · 1154 رمزاً · الجلسة CLOSED
09:26 KSA · CLOSED  · scanner    · بدء المسح · 1154 رمزاً · الجلسة CLOSED
09:49 KSA · CLOSED  · scanner    · بدء المسح · 1154 رمزاً · الجلسة CLOSED
09:49 KSA · CLOSED  · signal     · UNI-USD · rsiDiv ▼ 64 · 15m
09:49 KSA · CLOSED  · signal     · ASTER-USD · volSpike ▼ 72 · 15m
09:51 KSA · CLOSED  · scanner    · بدء المسح · 1154 رمزاً · الجلسة CLOSED
09:52 KSA · CLOSED  · scanner    · بدء المسح · 1154 رمزاً · الجلسة CLOSED
09:53 KSA · CLOSED  · scanner    · بدء المسح · 1154 رمزاً · الجلسة CLOSED
09:54 KSA · CLOSED  · scanner    · بدء المسح · 1154 رمزاً · الجلسة CLOSED
09:56 KSA · CLOSED  · scanner    · بدء المسح · 1154 رمزاً · الجلسة CLOSED
09:58 KSA · CLOSED  · scanner    · بدء المسح · 1154 رمزاً · الجلسة CLOSED
10:00 KSA · CLOSED  · scanner    · بدء المسح · 1154 رمزاً · الجلسة CLOSED
10:00 KSA · CLOSED  · signal     · CAKE-USD · orb ▲ 95 · 15m
10:00 KSA · CLOSED  · signal     · CAKE-USD · vwapRec ▲ 70 · 15m
10:00 KSA · CLOSED  · signal     · CAKE-USD · sqzExp ▼ 63 · 1h
10:00 KSA · CLOSED  · signal     · SOXLB-USD · vwapRec ▲ 78 · 15m
10:00 KSA · CLOSED  · signal     · U-USD · vwapRec ▲ 70 · 15m
10:00 KSA · CLOSED  · signal     · U-USD · tfAlign ▲ 71 · 1d
10:02 KSA · CLOSED  · scanner    · بدء المسح · 1154 رمزاً · الجلسة CLOSED
10:02 KSA · CLOSED  · signal     · T-USD · vwapRec ▼ 70 · 15m
10:02 KSA · CLOSED  · signal     · UNI-USD · orb ▲ 75 · 15m
10:04 KSA · CLOSED  · scanner    · بدء المسح · 1154 رمزاً · الجلسة CLOSED
10:07 KSA · CLOSED  · scanner    · بدء المسح · 1154 رمزاً · الجلسة CLOSED
10:08 KSA · CLOSED  · scanner    · بدء المسح · 1154 رمزاً · الجلسة CLOSED
10:10 KSA · CLOSED  · scanner    · بدء المسح · 1154 رمزاً · الجلسة CLOSED
10:12 KSA · CLOSED  · scanner    · بدء المسح · 1154 رمزاً · الجلسة CLOSED
10:14 KSA · CLOSED  · scanner    · بدء المسح · 1154 رمزاً · الجلسة CLOSED
10:16 KSA · CLOSED  · scanner    · بدء المسح · 1154 رمزاً · الجلسة CLOSED
10:16 KSA · CLOSED  · signal     · U-USD · vwapRec ▲ 78 · 15m
10:16 KSA · CLOSED  · signal     · U-USD · tfAlign ▲ 71 · 1d
10:18 KSA · CLOSED  · scanner    · بدء المسح · 1154 رمزاً · الجلسة CLOSED
10:20 KSA · CLOSED  · scanner    · بدء المسح · 1154 رمزاً · الجلسة CLOSED
10:22 KSA · CLOSED  · scanner    · بدء المسح · 1154 رمزاً · الجلسة CLOSED
10:22 KSA · CLOSED  · signal     · T-USD · brk ▼ 57 · 15m
10:22 KSA · CLOSED  · signal     · BANK-USD · brk ▼ 55 · 15m
10:24 KSA · CLOSED  · scanner    · بدء المسح · 1154 رمزاً · الجلسة CLOSED
10:26 KSA · CLOSED  · scanner    · بدء المسح · 1154 رمزاً · الجلسة CLOSED
10:28 KSA · CLOSED  · scanner    · بدء المسح · 1154 رمزاً · الجلسة CLOSED
10:30 KSA · CLOSED  · scanner    · بدء المسح · 1154 رمزاً · الجلسة CLOSED
10:30 KSA · CLOSED  · signal     · T-USD · volSpike ▼ 56 · 15m
10:32 KSA · CLOSED  · scanner    · بدء المسح · 1154 رمزاً · الجلسة CLOSED
10:32 KSA · CLOSED  · signal     · CAKE-USD · orb ▲ 55 · 15m
10:34 KSA · CLOSED  · scanner    · بدء المسح · 1154 رمزاً · الجلسة CLOSED
10:37 KSA · CLOSED  · scanner    · بدء المسح · 1154 رمزاً · الجلسة CLOSED
10:40 KSA · CLOSED  · scanner    · بدء المسح · 1154 رمزاً · الجلسة CLOSED
10:42 KSA · CLOSED  · scanner    · بدء المسح · 1154 رمزاً · الجلسة CLOSED
10:44 KSA · CLOSED  · scanner    · بدء المسح · 1154 رمزاً · الجلسة CLOSED
10:46 KSA · CLOSED  · scanner    · بدء المسح · 1154 رمزاً · الجلسة CLOSED
10:46 KSA · CLOSED  · signal     · TRX-USD · brk ▲ 93 · 15m
10:46 KSA · CLOSED  · signal     · T-USD · brk ▲ 86 · 15m
10:48 KSA · CLOSED  · scanner    · بدء المسح · 1154 رمزاً · الجلسة CLOSED
10:50 KSA · CLOSED  · scanner    · بدء المسح · 1154 رمزاً · الجلسة CLOSED
10:53 KSA · CLOSED  · scanner    · بدء المسح · 1154 رمزاً · الجلسة CLOSED
10:53 KSA · CLOSED  · signal     · TRX-USD · meanRev ▼ 78 · 15m
10:54 KSA · CLOSED  · scanner    · بدء المسح · 1154 رمزاً · الجلسة CLOSED
10:56 KSA · CLOSED  · scanner    · بدء المسح · 1154 رمزاً · الجلسة CLOSED
10:58 KSA · CLOSED  · scanner    · بدء المسح · 1154 رمزاً · الجلسة CLOSED
11:00 KSA · CLOSED  · scanner    · بدء المسح · 1154 رمزاً · الجلسة CLOSED
11:00 KSA · CLOSED  · signal     · TRX-USD · volSpike ▲ 83 · 15m
11:00 KSA · CLOSED  · signal     · CAKE-USD · vwapRec ▼ 68 · 15m
11:00 KSA · CLOSED  · signal     · FET-USD · brk ▼ 59 · 15m
11:00 KSA · CLOSED  · signal     · T-USD · sqzExp ▲ 90 · 1h
11:00 KSA · CLOSED  · signal     · REZ-USD · sqzExp ▼ 60 · 1h
11:00 KSA · CLOSED  · signal     · HEMI-USD · brk ▼ 82 · 15m
11:00 KSA · CLOSED  · signal     · TRUMP-USD · tfAlign ▼ 58 · 1d
11:00 KSA · CLOSED  · signal     · HOLO-USD · tfAlign ▼ 74 · 1d
11:00 KSA · CLOSED  · signal     · WLFI-USD · pbTrend ▲ 64 · 1h
11:02 KSA · CLOSED  · scanner    · بدء المسح · 1154 رمزاً · الجلسة CLOSED
11:02 KSA · CLOSED  · signal     · U-USD · vwapRec ▲ 70 · 15m
11:02 KSA · CLOSED  · signal     · U-USD · tfAlign ▲ 71 · 1d
11:04 KSA · CLOSED  · scanner    · بدء المسح · 1154 رمزاً · الجلسة CLOSED
11:07 KSA · CLOSED  · scanner    · بدء المسح · 1154 رمزاً · الجلسة CLOSED
11:08 KSA · CLOSED  · scanner    · بدء المسح · 1154 رمزاً · الجلسة CLOSED
11:10 KSA · CLOSED  · scanner    · بدء المسح · 1154 رمزاً · الجلسة CLOSED
11:12 KSA · CLOSED  · scanner    · بدء المسح · 1154 رمزاً · الجلسة CLOSED
11:14 KSA · CLOSED  · scanner    · بدء المسح · 1154 رمزاً · الجلسة CLOSED
11:16 KSA · CLOSED  · scanner    · بدء المسح · 1154 رمزاً · الجلسة CLOSED
11:16 KSA · CLOSED  · signal     · OP-USD · orb ▲ 70 · 15m
11:16 KSA · CLOSED  · signal     · U-USD · orb ▲ 85 · 15m
11:16 KSA · CLOSED  · signal     · U-USD · meanRev ▼ 85 · 15m
11:18 KSA · CLOSED  · scanner    · بدء المسح · 1154 رمزاً · الجلسة CLOSED
11:20 KSA · CLOSED  · scanner    · بدء المسح · 1154 رمزاً · الجلسة CLOSED
11:22 KSA · CLOSED  · scanner    · بدء المسح · 1154 رمزاً · الجلسة CLOSED
11:24 KSA · CLOSED  · scanner    · بدء المسح · 1154 رمزاً · الجلسة CLOSED
11:26 KSA · CLOSED  · scanner    · بدء المسح · 1154 رمزاً · الجلسة CLOSED
11:28 KSA · CLOSED  · scanner    · بدء المسح · 1154 رمزاً · الجلسة CLOSED
11:30 KSA · CLOSED  · scanner    · بدء المسح · 1154 رمزاً · الجلسة CLOSED
11:32 KSA · CLOSED  · scanner    · بدء المسح · 1154 رمزاً · الجلسة CLOSED
11:34 KSA · CLOSED  · scanner    · بدء المسح · 1154 رمزاً · الجلسة CLOSED
11:37 KSA · CLOSED  · scanner    · بدء المسح · 1154 رمزاً · الجلسة CLOSED
11:38 KSA · CLOSED  · scanner    · بدء المسح · 1154 رمزاً · الجلسة CLOSED
11:40 KSA · CLOSED  · scanner    · بدء المسح · 1154 رمزاً · الجلسة CLOSED
11:42 KSA · CLOSED  · scanner    · بدء المسح · 1154 رمزاً · الجلسة CLOSED
11:44 KSA · CLOSED  · scanner    · بدء المسح · 1154 رمزاً · الجلسة CLOSED
11:46 KSA · CLOSED  · scanner    · بدء المسح · 1154 رمزاً · الجلسة CLOSED
11:46 KSA · CLOSED  · signal     · ZEC-USD · meanRev ▲ 60 · 15m
11:46 KSA · CLOSED  · signal     · DASH-USD · brk ▼ 82 · 15m
11:48 KSA · CLOSED  · scanner    · بدء المسح · 1154 رمزاً · الجلسة CLOSED
11:50 KSA · CLOSED  · scanner    · بدء المسح · 1154 رمزاً · الجلسة CLOSED
11:53 KSA · CLOSED  · scanner    · بدء المسح · 1154 رمزاً · الجلسة CLOSED
11:53 KSA · CLOSED  · signal     · U-USD · momo ▲ 92 · 1h
11:53 KSA · CLOSED  · signal     · EUR-USD · momo ▼ 58 · 1h
11:54 KSA · CLOSED  · scanner    · بدء المسح · 1154 رمزاً · الجلسة CLOSED
11:56 KSA · CLOSED  · scanner    · بدء المسح · 1154 رمزاً · الجلسة CLOSED
11:58 KSA · CLOSED  · scanner    · بدء المسح · 1154 رمزاً · الجلسة CLOSED
12:00 KSA · CLOSED  · scanner    · بدء المسح · 1154 رمزاً · الجلسة CLOSED
12:00 KSA · CLOSED  · signal     · CAKE-USD · vwapRec ▲ 75 · 15m
12:00 KSA · CLOSED  · signal     · CAKE-USD · momo ▲ 92 · 1h
12:00 KSA · CLOSED  · signal     · BANK-USD · brk ▼ 80 · 15m
12:00 KSA · CLOSED  · signal     · SENT-USD · sqzExp ▼ 75 · 1h
12:02 KSA · CLOSED  · scanner    · بدء المسح · 1154 رمزاً · الجلسة CLOSED
12:03 KSA · CLOSED  · signal     · U-USD · orb ▲ 100 · 15m
12:04 KSA · CLOSED  · scanner    · بدء المسح · 1154 رمزاً · الجلسة CLOSED
12:07 KSA · CLOSED  · scanner    · بدء المسح · 1154 رمزاً · الجلسة CLOSED
12:08 KSA · CLOSED  · scanner    · بدء المسح · 1154 رمزاً · الجلسة CLOSED
12:10 KSA · CLOSED  · scanner    · بدء المسح · 1154 رمزاً · الجلسة CLOSED
12:12 KSA · CLOSED  · scanner    · بدء المسح · 1154 رمزاً · الجلسة CLOSED
12:14 KSA · CLOSED  · scanner    · بدء المسح · 1154 رمزاً · الجلسة CLOSED
12:16 KSA · CLOSED  · scanner    · بدء المسح · 1154 رمزاً · الجلسة CLOSED
12:16 KSA · CLOSED  · signal     · MARSCOIN-USD · orb ▼ 89 · 15m
12:16 KSA · CLOSED  · signal     · T-USD · vwapRec ▼ 85 · 15m
12:16 KSA · CLOSED  · signal     · THE-USD · volSpike ▲ 78 · 15m
12:18 KSA · CLOSED  · scanner    · بدء المسح · 1154 رمزاً · الجلسة CLOSED
12:20 KSA · CLOSED  · scanner    · بدء المسح · 1154 رمزاً · الجلسة CLOSED
12:22 KSA · CLOSED  · scanner    · بدء المسح · 1154 رمزاً · الجلسة CLOSED
12:24 KSA · CLOSED  · scanner    · بدء المسح · 1154 رمزاً · الجلسة CLOSED
12:26 KSA · CLOSED  · scanner    · بدء المسح · 1154 رمزاً · الجلسة CLOSED
12:28 KSA · CLOSED  · scanner    · بدء المسح · 1154 رمزاً · الجلسة CLOSED
12:30 KSA · CLOSED  · scanner    · بدء المسح · 1154 رمزاً · الجلسة CLOSED
12:30 KSA · CLOSED  · signal     · MTL-USD · vwapRec ▼ 83 · 15m
12:30 KSA · CLOSED  · signal     · U-USD · orb ▲ 100 · 15m
12:32 KSA · CLOSED  · scanner    · بدء المسح · 1154 رمزاً · الجلسة CLOSED
12:34 KSA · CLOSED  · scanner    · بدء المسح · 1154 رمزاً · الجلسة CLOSED
12:37 KSA · CLOSED  · scanner    · بدء المسح · 1154 رمزاً · الجلسة CLOSED
12:38 KSA · CLOSED  · scanner    · بدء المسح · 1154 رمزاً · الجلسة CLOSED
12:40 KSA · CLOSED  · scanner    · بدء المسح · 1154 رمزاً · الجلسة CLOSED
12:42 KSA · CLOSED  · scanner    · بدء المسح · 1154 رمزاً · الجلسة CLOSED
12:44 KSA · CLOSED  · scanner    · بدء المسح · 1154 رمزاً · الجلسة CLOSED
12:46 KSA · CLOSED  · scanner    · بدء المسح · 1154 رمزاً · الجلسة CLOSED
12:46 KSA · CLOSED  · signal     · XRP-USD · vwapRec ▼ 75 · 15m
12:46 KSA · CLOSED  · signal     · SOL-USD · rsiDiv ▲ 61 · 15m
12:46 KSA · CLOSED  · signal     · DOGE-USD · rsiDiv ▲ 83 · 15m
12:46 KSA · CLOSED  · signal     · XLM-USD · rsiDiv ▲ 56 · 15m
12:46 KSA · CLOSED  · signal     · LSK-USD · rsiDiv ▲ 61 · 15m
12:46 KSA · CLOSED  · signal     · U-USD · vwapRec ▲ 85 · 15m
12:48 KSA · CLOSED  · scanner    · بدء المسح · 1154 رمزاً · الجلسة CLOSED
12:50 KSA · CLOSED  · scanner    · بدء المسح · 1154 رمزاً · الجلسة CLOSED
12:53 KSA · CLOSED  · scanner    · بدء المسح · 1154 رمزاً · الجلسة CLOSED
12:53 KSA · CLOSED  · signal     · DOGE-USD · pbTrend ▲ 69 · 1h
12:53 KSA · CLOSED  · signal     · ARK-USD · pbTrend ▲ 81 · 1h
12:53 KSA · CLOSED  · signal     · BNCB-USD · vwapRec ▲ 83 · 15m
12:55 KSA · CLOSED  · scanner    · بدء المسح · 1154 رمزاً · الجلسة CLOSED
12:56 KSA · CLOSED  · scanner    · بدء المسح · 1154 رمزاً · الجلسة CLOSED
12:58 KSA · CLOSED  · scanner    · بدء المسح · 1154 رمزاً · الجلسة CLOSED
13:00 KSA · CLOSED  · scanner    · بدء المسح · 1154 رمزاً · الجلسة CLOSED
13:00 KSA · CLOSED  · signal     · DOT-USD · volSpike ▼ 83 · 15m
13:00 KSA · CLOSED  · signal     · DASH-USD · pbTrend ▲ 62 · 1h
13:00 KSA · CLOSED  · signal     · FET-USD · pbTrend ▲ 64 · 1h
13:00 KSA · CLOSED  · signal     · HEMI-USD · momo ▼ 86 · 1h
13:00 KSA · CLOSED  · signal     · U-USD · tfAlign ▲ 87 · 1d
13:00 KSA · CLOSED  · signal     · THE-USD · momo ▼ 81 · 1h
13:02 KSA · CLOSED  · scanner    · بدء المسح · 1154 رمزاً · الجلسة CLOSED
13:02 KSA · CLOSED  · signal     · DOT-USD · brk ▼ 64 · 15m
13:04 KSA · CLOSED  · scanner    · بدء المسح · 1154 رمزاً · الجلسة CLOSED
13:07 KSA · CLOSED  · scanner    · بدء المسح · 1154 رمزاً · الجلسة CLOSED
13:08 KSA · CLOSED  · scanner    · بدء المسح · 1154 رمزاً · الجلسة CLOSED
13:10 KSA · CLOSED  · scanner    · بدء المسح · 1154 رمزاً · الجلسة CLOSED
13:12 KSA · CLOSED  · scanner    · بدء المسح · 1154 رمزاً · الجلسة CLOSED
13:14 KSA · CLOSED  · scanner    · بدء المسح · 1154 رمزاً · الجلسة CLOSED
13:16 KSA · CLOSED  · scanner    · بدء المسح · 1154 رمزاً · الجلسة CLOSED
13:16 KSA · CLOSED  · signal     · NEAR-USD · volSpike ▼ 78 · 15m
13:16 KSA · CLOSED  · signal     · DASH-USD · meanRev ▲ 60 · 15m
13:16 KSA · CLOSED  · signal     · MUB-USD · meanRev ▲ 65 · 15m
13:16 KSA · CLOSED  · signal     · SOXLB-USD · vwapRec ▲ 78 · 15m
13:16 KSA · CLOSED  · signal     · TAO-USD · rsiDiv ▲ 67 · 15m
13:16 KSA · CLOSED  · signal     · THE-USD · rsiDiv ▲ 86 · 15m
13:16 KSA · CLOSED  · signal     · PUMP-USD · brk ▼ 64 · 15m
13:16 KSA · CLOSED  · signal     · HOLO-USD · brk ▼ 82 · 15m
13:16 KSA · CLOSED  · signal     · PENGU-USD · brk ▼ 75 · 15m
13:16 KSA · CLOSED  · signal     · PENGU-USD · meanRev ▲ 65 · 15m
13:16 KSA · CLOSED  · signal     · ASTER-USD · rsiDiv ▲ 56 · 15m
13:18 KSA · CLOSED  · scanner    · بدء المسح · 1154 رمزاً · الجلسة CLOSED
13:20 KSA · CLOSED  · scanner    · بدء المسح · 1154 رمزاً · الجلسة CLOSED
13:22 KSA · CLOSED  · scanner    · بدء المسح · 1154 رمزاً · الجلسة CLOSED
13:22 KSA · CLOSED  · signal     · U-USD · tfAlign ▲ 87 · 1d
13:24 KSA · CLOSED  · scanner    · بدء المسح · 1154 رمزاً · الجلسة CLOSED
13:26 KSA · CLOSED  · scanner    · بدء المسح · 1154 رمزاً · الجلسة CLOSED
13:28 KSA · CLOSED  · scanner    · بدء المسح · 1154 رمزاً · الجلسة CLOSED
13:30 KSA · CLOSED  · scanner    · بدء المسح · 1154 رمزاً · الجلسة CLOSED
13:30 KSA · CLOSED  · signal     · VTHO-USD · volSpike ▼ 78 · 15m
13:30 KSA · CLOSED  · signal     · PUMP-USD · brk ▼ 64 · 15m
13:32 KSA · CLOSED  · scanner    · بدء المسح · 1154 رمزاً · الجلسة CLOSED
13:34 KSA · CLOSED  · scanner    · بدء المسح · 1154 رمزاً · الجلسة CLOSED
13:37 KSA · CLOSED  · scanner    · بدء المسح · 1154 رمزاً · الجلسة CLOSED
13:38 KSA · CLOSED  · scanner    · بدء المسح · 1154 رمزاً · الجلسة CLOSED
13:40 KSA · CLOSED  · scanner    · بدء المسح · 1154 رمزاً · الجلسة CLOSED
13:42 KSA · CLOSED  · scanner    · بدء المسح · 1154 رمزاً · الجلسة CLOSED
13:44 KSA · CLOSED  · scanner    · بدء المسح · 1154 رمزاً · الجلسة CLOSED
13:46 KSA · CLOSED  · scanner    · بدء المسح · 1154 رمزاً · الجلسة CLOSED
13:46 KSA · CLOSED  · signal     · INJ-USD · orb ▼ 63 · 15m
13:46 KSA · CLOSED  · signal     · HEMI-USD · brk ▼ 82 · 15m
13:46 KSA · CLOSED  · signal     · HOLO-USD · meanRev ▲ 60 · 15m
13:48 KSA · CLOSED  · scanner    · بدء المسح · 1154 رمزاً · الجلسة CLOSED
13:50 KSA · CLOSED  · scanner    · بدء المسح · 1154 رمزاً · الجلسة CLOSED
13:53 KSA · CLOSED  · scanner    · بدء المسح · 1154 رمزاً · الجلسة CLOSED
13:53 KSA · CLOSED  · signal     · U-USD · tfAlign ▲ 87 · 1d
13:53 KSA · CLOSED  · signal     · PEPE-USD · pbTrend ▲ 90 · 1h
13:54 KSA · CLOSED  · scanner    · بدء المسح · 1154 رمزاً · الجلسة CLOSED
13:56 KSA · CLOSED  · scanner    · بدء المسح · 1154 رمزاً · الجلسة CLOSED
13:58 KSA · CLOSED  · scanner    · بدء المسح · 1154 رمزاً · الجلسة CLOSED
14:00 KSA · CLOSED  · scanner    · بدء المسح · 1154 رمزاً · الجلسة CLOSED
14:00 KSA · CLOSED  · signal     · AAVE-USD · rsiDiv ▲ 72 · 15m
14:00 KSA · CLOSED  · signal     · IOTA-USD · pbTrend ▲ 71 · 1h
14:00 KSA · CLOSED  · signal     · VTHO-USD · rsiDiv ▲ 78 · 15m
14:00 KSA · CLOSED  · signal     · HEMI-USD · sqzExp ▼ 100 · 1h
14:00 KSA · CLOSED  · signal     · SNXXB-USD · rsiDiv ▲ 72 · 15m
14:00 KSA · CLOSED  · signal     · THE-USD · pbTrend ▲ 81 · 1h
14:00 KSA · CLOSED  · signal     · TRUMP-USD · tfAlign ▼ 58 · 1d
14:00 KSA · CLOSED  · signal     · EUR-USD · momo ▼ 64 · 1h
14:00 KSA · CLOSED  · signal     · HOLO-USD · sqzExp ▼ 73 · 1h
14:00 KSA · CLOSED  · signal     · HOLO-USD · momo ▼ 100 · 1h
14:02 KSA · CLOSED  · scanner    · بدء المسح · 1154 رمزاً · الجلسة CLOSED
14:04 KSA · CLOSED  · scanner    · بدء المسح · 1154 رمزاً · الجلسة CLOSED
14:07 KSA · CLOSED  · scanner    · بدء المسح · 1154 رمزاً · الجلسة CLOSED
14:08 KSA · CLOSED  · scanner    · بدء المسح · 1154 رمزاً · الجلسة CLOSED
14:10 KSA · CLOSED  · scanner    · بدء المسح · 1154 رمزاً · الجلسة CLOSED
14:12 KSA · CLOSED  · scanner    · بدء المسح · 1154 رمزاً · الجلسة CLOSED
14:14 KSA · CLOSED  · scanner    · بدء المسح · 1154 رمزاً · الجلسة CLOSED
14:16 KSA · CLOSED  · scanner    · بدء المسح · 1154 رمزاً · الجلسة CLOSED
14:18 KSA · CLOSED  · scanner    · بدء المسح · 1154 رمزاً · الجلسة CLOSED
14:20 KSA · CLOSED  · scanner    · بدء المسح · 1154 رمزاً · الجلسة CLOSED
14:22 KSA · CLOSED  · scanner    · بدء المسح · 1154 رمزاً · الجلسة CLOSED
14:24 KSA · CLOSED  · scanner    · بدء المسح · 1154 رمزاً · الجلسة CLOSED
14:26 KSA · CLOSED  · scanner    · بدء المسح · 1154 رمزاً · الجلسة CLOSED
14:28 KSA · CLOSED  · scanner    · بدء المسح · 1154 رمزاً · الجلسة CLOSED
14:30 KSA · CLOSED  · scanner    · بدء المسح · 1154 رمزاً · الجلسة CLOSED
14:30 KSA · CLOSED  · signal     · DASH-USD · rsiDiv ▲ 72 · 15m
14:32 KSA · CLOSED  · scanner    · بدء المسح · 1154 رمزاً · الجلسة CLOSED
14:32 KSA · CLOSED  · signal     · ASTER-USD · rsiDiv ▲ 56 · 15m
14:34 KSA · CLOSED  · scanner    · بدء المسح · 1154 رمزاً · الجلسة CLOSED
14:37 KSA · CLOSED  · scanner    · بدء المسح · 1154 رمزاً · الجلسة CLOSED
14:38 KSA · CLOSED  · scanner    · بدء المسح · 1154 رمزاً · الجلسة CLOSED
14:40 KSA · CLOSED  · scanner    · بدء المسح · 1154 رمزاً · الجلسة CLOSED
14:42 KSA · CLOSED  · scanner    · بدء المسح · 1154 رمزاً · الجلسة CLOSED
14:44 KSA · CLOSED  · scanner    · بدء المسح · 1154 رمزاً · الجلسة CLOSED
14:46 KSA · CLOSED  · scanner    · بدء المسح · 1154 رمزاً · الجلسة CLOSED
14:46 KSA · CLOSED  · signal     · UNI-USD · tfAlign ▲ 95 · 1d
14:48 KSA · CLOSED  · scanner    · بدء المسح · 1154 رمزاً · الجلسة CLOSED
14:50 KSA · CLOSED  · scanner    · بدء المسح · 1154 رمزاً · الجلسة CLOSED
14:53 KSA · CLOSED  · scanner    · بدء المسح · 1154 رمزاً · الجلسة CLOSED
14:53 KSA · CLOSED  · signal     · VTHO-USD · sqzExp ▼ 55 · 1h
14:54 KSA · CLOSED  · scanner    · بدء المسح · 1154 رمزاً · الجلسة CLOSED
14:56 KSA · CLOSED  · scanner    · بدء المسح · 1154 رمزاً · الجلسة CLOSED
14:58 KSA · CLOSED  · scanner    · بدء المسح · 1154 رمزاً · الجلسة CLOSED
15:00 KSA · CLOSED  · scanner    · بدء المسح · 1154 رمزاً · الجلسة CLOSED
15:03 KSA · CLOSED  · scanner    · بدء المسح · 1154 رمزاً · الجلسة CLOSED
15:04 KSA · CLOSED  · scanner    · بدء المسح · 1154 رمزاً · الجلسة CLOSED
15:07 KSA · CLOSED  · scanner    · بدء المسح · 1154 رمزاً · الجلسة CLOSED
15:08 KSA · CLOSED  · scanner    · بدء المسح · 1154 رمزاً · الجلسة CLOSED
15:10 KSA · CLOSED  · scanner    · بدء المسح · 1154 رمزاً · الجلسة CLOSED
15:12 KSA · CLOSED  · scanner    · بدء المسح · 1154 رمزاً · الجلسة CLOSED
15:14 KSA · CLOSED  · scanner    · بدء المسح · 1154 رمزاً · الجلسة CLOSED
15:16 KSA · CLOSED  · scanner    · بدء المسح · 1154 رمزاً · الجلسة CLOSED
15:18 KSA · CLOSED  · scanner    · بدء المسح · 1154 رمزاً · الجلسة CLOSED
15:20 KSA · CLOSED  · scanner    · بدء المسح · 1154 رمزاً · الجلسة CLOSED
15:22 KSA · CLOSED  · scanner    · بدء المسح · 1154 رمزاً · الجلسة CLOSED
15:24 KSA · CLOSED  · scanner    · بدء المسح · 1154 رمزاً · الجلسة CLOSED
15:26 KSA · CLOSED  · scanner    · بدء المسح · 1154 رمزاً · الجلسة CLOSED
15:28 KSA · CLOSED  · scanner    · بدء المسح · 1154 رمزاً · الجلسة CLOSED
15:30 KSA · CLOSED  · scanner    · بدء المسح · 1154 رمزاً · الجلسة CLOSED
15:30 KSA · CLOSED  · signal     · MUB-USD · rsiDiv ▲ 69 · 15m
15:30 KSA · CLOSED  · signal     · 牛来-USD · vwapRec ▼ 92 · 15m
15:32 KSA · CLOSED  · scanner    · بدء المسح · 1154 رمزاً · الجلسة CLOSED
15:32 KSA · CLOSED  · signal     · AAVE-USD · meanRev ▲ 60 · 15m
15:32 KSA · CLOSED  · signal     · U-USD · tfAlign ▲ 68 · 1d
15:34 KSA · CLOSED  · scanner    · بدء المسح · 1154 رمزاً · الجلسة CLOSED
15:37 KSA · CLOSED  · scanner    · بدء المسح · 1154 رمزاً · الجلسة CLOSED
15:38 KSA · CLOSED  · scanner    · بدء المسح · 1154 رمزاً · الجلسة CLOSED
15:40 KSA · CLOSED  · scanner    · بدء المسح · 1154 رمزاً · الجلسة CLOSED
15:43 KSA · CLOSED  · scanner    · بدء المسح · 1154 رمزاً · الجلسة CLOSED
15:44 KSA · CLOSED  · scanner    · بدء المسح · 1154 رمزاً · الجلسة CLOSED
15:46 KSA · CLOSED  · scanner    · بدء المسح · 1154 رمزاً · الجلسة CLOSED
15:48 KSA · CLOSED  · scanner    · بدء المسح · 1154 رمزاً · الجلسة CLOSED
15:50 KSA · CLOSED  · scanner    · بدء المسح · 1154 رمزاً · الجلسة CLOSED
15:53 KSA · CLOSED  · scanner    · بدء المسح · 1154 رمزاً · الجلسة CLOSED
15:54 KSA · CLOSED  · scanner    · بدء المسح · 1154 رمزاً · الجلسة CLOSED
15:56 KSA · CLOSED  · scanner    · بدء المسح · 1154 رمزاً · الجلسة CLOSED
15:58 KSA · CLOSED  · scanner    · بدء المسح · 1154 رمزاً · الجلسة CLOSED
16:00 KSA · CLOSED  · scanner    · بدء المسح · 1154 رمزاً · الجلسة CLOSED
16:00 KSA · CLOSED  · signal     · VTHO-USD · momo ▼ 78 · 1h
16:00 KSA · CLOSED  · signal     · UNI-USD · pbTrend ▲ 83 · 1h
16:00 KSA · CLOSED  · signal     · U-USD · rsiDiv ▼ 63 · 1h
16:00 KSA · CLOSED  · signal     · U-USD · tfAlign ▲ 76 · 1d
16:00 KSA · CLOSED  · signal     · BANK-USD · rsiDiv ▲ 69 · 15m
16:02 KSA · CLOSED  · scanner    · بدء المسح · 1154 رمزاً · الجلسة CLOSED
16:04 KSA · CLOSED  · scanner    · بدء المسح · 1154 رمزاً · الجلسة CLOSED
16:07 KSA · CLOSED  · scanner    · بدء المسح · 1154 رمزاً · الجلسة CLOSED
16:08 KSA · CLOSED  · scanner    · بدء المسح · 1154 رمزاً · الجلسة CLOSED
16:10 KSA · CLOSED  · scanner    · بدء المسح · 1154 رمزاً · الجلسة CLOSED
16:12 KSA · CLOSED  · scanner    · بدء المسح · 1154 رمزاً · الجلسة CLOSED
16:14 KSA · CLOSED  · scanner    · بدء المسح · 1154 رمزاً · الجلسة CLOSED
16:16 KSA · CLOSED  · scanner    · بدء المسح · 1154 رمزاً · الجلسة CLOSED
16:18 KSA · CLOSED  · scanner    · بدء المسح · 1154 رمزاً · الجلسة CLOSED
16:20 KSA · CLOSED  · scanner    · بدء المسح · 1154 رمزاً · الجلسة CLOSED
16:22 KSA · CLOSED  · scanner    · بدء المسح · 1154 رمزاً · الجلسة CLOSED
16:22 KSA · CLOSED  · signal     · FET-USD · vwapRec ▼ 78 · 15m
16:24 KSA · CLOSED  · scanner    · بدء المسح · 1154 رمزاً · الجلسة CLOSED
16:26 KSA · CLOSED  · scanner    · بدء المسح · 1154 رمزاً · الجلسة CLOSED
16:28 KSA · CLOSED  · scanner    · بدء المسح · 1154 رمزاً · الجلسة CLOSED
16:30 KSA · CLOSED  · scanner    · بدء المسح · 1154 رمزاً · الجلسة CLOSED
16:30 KSA · CLOSED  · signal     · XPL-USD · brk ▼ 75 · 15m
16:30 KSA · CLOSED  · signal     · UNI-USD · orb ▲ 60 · 15m
16:32 KSA · CLOSED  · scanner    · بدء المسح · 1154 رمزاً · الجلسة CLOSED
16:32 KSA · CLOSED  · signal     · DASH-USD · meanRev ▲ 60 · 15m
16:32 KSA · CLOSED  · signal     · U-USD · tfAlign ▲ 76 · 1d
16:32 KSA · CLOSED  · signal     · ASTER-USD · meanRev ▲ 68 · 15m
16:34 KSA · CLOSED  · scanner    · بدء المسح · 1154 رمزاً · الجلسة CLOSED
16:38 KSA · CLOSED  · scanner    · بدء المسح · 1154 رمزاً · الجلسة CLOSED
16:40 KSA · CLOSED  · scanner    · بدء المسح · 1154 رمزاً · الجلسة CLOSED
16:42 KSA · CLOSED  · scanner    · بدء المسح · 1154 رمزاً · الجلسة CLOSED
16:44 KSA · CLOSED  · scanner    · بدء المسح · 1154 رمزاً · الجلسة CLOSED
16:46 KSA · CLOSED  · scanner    · بدء المسح · 1154 رمزاً · الجلسة CLOSED
16:46 KSA · CLOSED  · signal     · HBAR-USD · brk ▲ 89 · 15m
16:46 KSA · CLOSED  · signal     · UNI-USD · orb ▲ 60 · 15m
16:48 KSA · CLOSED  · scanner    · بدء المسح · 1154 رمزاً · الجلسة CLOSED
16:50 KSA · CLOSED  · scanner    · بدء المسح · 1154 رمزاً · الجلسة CLOSED
16:53 KSA · CLOSED  · scanner    · بدء المسح · 1154 رمزاً · الجلسة CLOSED
16:53 KSA · CLOSED  · signal     · BNCB-USD · brk ▲ 75 · 15m
16:53 KSA · CLOSED  · signal     · BNCB-USD · meanRev ▼ 59 · 15m
16:54 KSA · CLOSED  · scanner    · بدء المسح · 1154 رمزاً · الجلسة CLOSED
16:56 KSA · CLOSED  · scanner    · بدء المسح · 1154 رمزاً · الجلسة CLOSED
16:58 KSA · CLOSED  · scanner    · بدء المسح · 1154 رمزاً · الجلسة CLOSED
17:00 KSA · CLOSED  · scanner    · بدء المسح · 1154 رمزاً · الجلسة CLOSED
17:00 KSA · CLOSED  · signal     · XLM-USD · pbTrend ▲ 81 · 1h
17:00 KSA · CLOSED  · signal     · HBAR-USD · sqzExp ▼ 80 · 1h
17:00 KSA · CLOSED  · signal     · ICP-USD · momo ▼ 75 · 1h
17:00 KSA · CLOSED  · signal     · DASH-USD · momo ▼ 75 · 1h
17:00 KSA · CLOSED  · signal     · FET-USD · momo ▼ 83 · 1h
17:00 KSA · CLOSED  · signal     · T-USD · momo ▼ 64 · 1h
17:00 KSA · CLOSED  · signal     · UNI-USD · orb ▲ 60 · 15m
17:00 KSA · CLOSED  · signal     · SUI-USD · pbTrend ▲ 74 · 1h
17:00 KSA · CLOSED  · signal     · THE-USD · pbTrend ▲ 81 · 1h
17:00 KSA · CLOSED  · signal     · EUR-USD · momo ▼ 64 · 1h
17:02 KSA · CLOSED  · scanner    · بدء المسح · 1154 رمزاً · الجلسة CLOSED
17:02 KSA · CLOSED  · signal     · BNCB-USD · meanRev ▼ 85 · 15m
17:02 KSA · CLOSED  · signal     · U-USD · tfAlign ▲ 68 · 1d
17:04 KSA · CLOSED  · scanner    · بدء المسح · 1154 رمزاً · الجلسة CLOSED
17:07 KSA · CLOSED  · scanner    · بدء المسح · 1154 رمزاً · الجلسة CLOSED
17:08 KSA · CLOSED  · scanner    · بدء المسح · 1154 رمزاً · الجلسة CLOSED
17:10 KSA · CLOSED  · scanner    · بدء المسح · 1154 رمزاً · الجلسة CLOSED
17:13 KSA · CLOSED  · scanner    · بدء المسح · 1154 رمزاً · الجلسة CLOSED
17:14 KSA · CLOSED  · scanner    · بدء المسح · 1154 رمزاً · الجلسة CLOSED
17:16 KSA · CLOSED  · scanner    · بدء المسح · 1154 رمزاً · الجلسة CLOSED
17:16 KSA · CLOSED  · signal     · AVAX-USD · orb ▲ 100 · 15m
17:18 KSA · CLOSED  · scanner    · بدء المسح · 1154 رمزاً · الجلسة CLOSED
17:20 KSA · CLOSED  · scanner    · بدء المسح · 1154 رمزاً · الجلسة CLOSED
17:22 KSA · CLOSED  · scanner    · بدء المسح · 1154 رمزاً · الجلسة CLOSED
17:22 KSA · CLOSED  · signal     · VTHO-USD · rsiDiv ▲ 61 · 15m
17:22 KSA · CLOSED  · signal     · 牛来-USD · meanRev ▲ 82 · 15m
17:22 KSA · CLOSED  · signal     · PENGU-USD · brk ▼ 84 · 15m
17:24 KSA · CLOSED  · scanner    · بدء المسح · 1154 رمزاً · الجلسة CLOSED
17:26 KSA · CLOSED  · scanner    · بدء المسح · 1154 رمزاً · الجلسة CLOSED
17:28 KSA · CLOSED  · scanner    · بدء المسح · 1154 رمزاً · الجلسة CLOSED
17:30 KSA · CLOSED  · scanner    · بدء المسح · 1154 رمزاً · الجلسة CLOSED
17:30 KSA · CLOSED  · signal     · TRX-USD · vwapRec ▲ 55 · 15m
17:30 KSA · CLOSED  · signal     · UNI-USD · orb ▼ 70 · 15m
17:30 KSA · CLOSED  · signal     · U-USD · vwapRec ▲ 85 · 15m
17:30 KSA · CLOSED  · signal     · PENGU-USD · volSpike ▼ 89 · 15m
17:32 KSA · CLOSED  · scanner    · بدء المسح · 1154 رمزاً · الجلسة CLOSED
17:32 KSA · CLOSED  · signal     · BANK-USD · rsiDiv ▲ 75 · 15m
17:34 KSA · CLOSED  · scanner    · بدء المسح · 1154 رمزاً · الجلسة CLOSED
17:37 KSA · CLOSED  · scanner    · بدء المسح · 1154 رمزاً · الجلسة CLOSED
17:38 KSA · CLOSED  · scanner    · بدء المسح · 1154 رمزاً · الجلسة CLOSED
17:40 KSA · CLOSED  · scanner    · بدء المسح · 1154 رمزاً · الجلسة CLOSED
17:42 KSA · CLOSED  · scanner    · بدء المسح · 1154 رمزاً · الجلسة CLOSED
17:44 KSA · CLOSED  · scanner    · بدء المسح · 1154 رمزاً · الجلسة CLOSED
17:46 KSA · CLOSED  · scanner    · بدء المسح · 1154 رمزاً · الجلسة CLOSED
17:46 KSA · CLOSED  · signal     · LINK-USD · vwapRec ▼ 75 · 15m
17:46 KSA · CLOSED  · signal     · U-USD · orb ▲ 100 · 15m
17:48 KSA · CLOSED  · scanner    · بدء المسح · 1154 رمزاً · الجلسة CLOSED
17:50 KSA · CLOSED  · scanner    · بدء المسح · 1154 رمزاً · الجلسة CLOSED
17:53 KSA · CLOSED  · scanner    · بدء المسح · 1154 رمزاً · الجلسة CLOSED
17:53 KSA · CLOSED  · signal     · HBAR-USD · meanRev ▼ 75 · 15m
17:53 KSA · CLOSED  · signal     · AAVE-USD · sqzExp ▼ 73 · 1h
17:53 KSA · CLOSED  · signal     · PEPE-USD · pbTrend ▲ 90 · 1h
17:55 KSA · CLOSED  · scanner    · بدء المسح · 1154 رمزاً · الجلسة CLOSED
17:56 KSA · CLOSED  · scanner    · بدء المسح · 1154 رمزاً · الجلسة CLOSED
17:58 KSA · CLOSED  · scanner    · بدء المسح · 1154 رمزاً · الجلسة CLOSED
18:00 KSA · CLOSED  · scanner    · بدء المسح · 1154 رمزاً · الجلسة CLOSED
18:00 KSA · CLOSED  · signal     · BNB-USD · rsiDiv ▼ 81 · 15m
18:00 KSA · CLOSED  · signal     · OP-USD · orb ▲ 65 · 15m
18:00 KSA · CLOSED  · signal     · SPCXB-USD · sqzExp ▲ 73 · 1h
18:00 KSA · CLOSED  · signal     · U-USD · orb ▲ 85 · 15m
18:00 KSA · CLOSED  · signal     · U-USD · momo ▲ 86 · 1h
18:00 KSA · CLOSED  · signal     · 牛来-USD · volSpike ▼ 93 · 15m
18:00 KSA · CLOSED  · signal     · APT-USD · pbTrend ▲ 81 · 1h
18:03 KSA · CLOSED  · scanner    · بدء المسح · 1154 رمزاً · الجلسة CLOSED
18:04 KSA · CLOSED  · scanner    · بدء المسح · 1154 رمزاً · الجلسة CLOSED
18:07 KSA · CLOSED  · scanner    · بدء المسح · 1154 رمزاً · الجلسة CLOSED
18:08 KSA · CLOSED  · scanner    · بدء المسح · 1154 رمزاً · الجلسة CLOSED
18:10 KSA · CLOSED  · scanner    · بدء المسح · 1154 رمزاً · الجلسة CLOSED
18:12 KSA · CLOSED  · scanner    · بدء المسح · 1154 رمزاً · الجلسة CLOSED
18:14 KSA · CLOSED  · scanner    · بدء المسح · 1154 رمزاً · الجلسة CLOSED
18:16 KSA · CLOSED  · scanner    · بدء المسح · 1154 رمزاً · الجلسة CLOSED
18:16 KSA · CLOSED  · signal     · LINK-USD · vwapRec ▲ 70 · 15m
18:16 KSA · CLOSED  · signal     · HBAR-USD · meanRev ▼ 75 · 15m
18:16 KSA · CLOSED  · signal     · U-USD · orb ▲ 85 · 15m
18:16 KSA · CLOSED  · signal     · ARB-USD · orb ▼ 80 · 15m
18:18 KSA · CLOSED  · scanner    · بدء المسح · 1154 رمزاً · الجلسة CLOSED
18:20 KSA · CLOSED  · scanner    · بدء المسح · 1154 رمزاً · الجلسة CLOSED
18:22 KSA · CLOSED  · scanner    · بدء المسح · 1154 رمزاً · الجلسة CLOSED
18:24 KSA · CLOSED  · scanner    · بدء المسح · 1154 رمزاً · الجلسة CLOSED
18:26 KSA · CLOSED  · scanner    · بدء المسح · 1154 رمزاً · الجلسة CLOSED
18:28 KSA · CLOSED  · scanner    · بدء المسح · 1154 رمزاً · الجلسة CLOSED
18:30 KSA · CLOSED  · scanner    · بدء المسح · 1154 رمزاً · الجلسة CLOSED
18:30 KSA · CLOSED  · signal     · MARSCOIN-USD · brk ▼ 70 · 15m
18:30 KSA · CLOSED  · signal     · U-USD · vwapRec ▲ 93 · 15m
18:32 KSA · CLOSED  · scanner    · بدء المسح · 1154 رمزاً · الجلسة CLOSED
18:32 KSA · CLOSED  · signal     · U-USD · momo ▲ 86 · 1h
18:32 KSA · CLOSED  · signal     · U-USD · tfAlign ▲ 76 · 1d
18:32 KSA · CLOSED  · signal     · BANK-USD · brk ▼ 70 · 15m
18:34 KSA · CLOSED  · scanner    · بدء المسح · 1154 رمزاً · الجلسة CLOSED
18:37 KSA · CLOSED  · scanner    · بدء المسح · 1154 رمزاً · الجلسة CLOSED
18:38 KSA · CLOSED  · scanner    · بدء المسح · 1154 رمزاً · الجلسة CLOSED
18:40 KSA · CLOSED  · scanner    · بدء المسح · 1154 رمزاً · الجلسة CLOSED
18:43 KSA · CLOSED  · scanner    · بدء المسح · 1154 رمزاً · الجلسة CLOSED
18:44 KSA · CLOSED  · scanner    · بدء المسح · 1154 رمزاً · الجلسة CLOSED
18:46 KSA · CLOSED  · scanner    · بدء المسح · 1154 رمزاً · الجلسة CLOSED
18:46 KSA · CLOSED  · signal     · NEAR-USD · momo ▲ 100 · 1h
18:46 KSA · CLOSED  · signal     · SUI-USD · brk ▼ 64 · 15m
18:46 KSA · CLOSED  · signal     · U-USD · vwapRec ▲ 93 · 15m
18:48 KSA · CLOSED  · scanner    · بدء المسح · 1154 رمزاً · الجلسة CLOSED
18:50 KSA · CLOSED  · scanner    · بدء المسح · 1154 رمزاً · الجلسة CLOSED
18:53 KSA · CLOSED  · scanner    · بدء المسح · 1154 رمزاً · الجلسة CLOSED
18:55 KSA · CLOSED  · scanner    · بدء المسح · 1154 رمزاً · الجلسة CLOSED
18:56 KSA · CLOSED  · scanner    · بدء المسح · 1154 رمزاً · الجلسة CLOSED
18:58 KSA · CLOSED  · scanner    · بدء المسح · 1154 رمزاً · الجلسة CLOSED
19:00 KSA · CLOSED  · scanner    · بدء المسح · 1154 رمزاً · الجلسة CLOSED
19:00 KSA · CLOSED  · signal     · NEAR-USD · sqzExp ▲ 80 · 1h
19:00 KSA · CLOSED  · signal     · HBAR-USD · momo ▲ 83 · 1h
19:00 KSA · CLOSED  · signal     · MARSCOIN-USD · momo ▼ 73 · 1h
19:00 KSA · CLOSED  · signal     · MUB-USD · vwapRec ▼ 68 · 15m
19:00 KSA · CLOSED  · signal     · SNDKB-USD · vwapRec ▼ 75 · 15m
19:00 KSA · CLOSED  · signal     · 牛来-USD · momo ▼ 90 · 1h
19:00 KSA · CLOSED  · signal     · TAO-USD · tfAlign ▲ 71 · 1d
19:00 KSA · CLOSED  · signal     · THE-USD · volSpike ▲ 67 · 15m
19:00 KSA · CLOSED  · signal     · EUR-USD · tfAlign ▼ 95 · 1d
19:02 KSA · CLOSED  · scanner    · بدء المسح · 1154 رمزاً · الجلسة CLOSED
19:02 KSA · CLOSED  · signal     · U-USD · tfAlign ▲ 68 · 1d
19:04 KSA · CLOSED  · scanner    · بدء المسح · 1154 رمزاً · الجلسة CLOSED
19:07 KSA · CLOSED  · scanner    · بدء المسح · 1154 رمزاً · الجلسة CLOSED
19:08 KSA · CLOSED  · scanner    · بدء المسح · 1154 رمزاً · الجلسة CLOSED
19:10 KSA · CLOSED  · scanner    · بدء المسح · 1154 رمزاً · الجلسة CLOSED
19:12 KSA · CLOSED  · scanner    · بدء المسح · 1154 رمزاً · الجلسة CLOSED
19:14 KSA · CLOSED  · scanner    · بدء المسح · 1154 رمزاً · الجلسة CLOSED
19:16 KSA · CLOSED  · scanner    · بدء المسح · 1154 رمزاً · الجلسة CLOSED
19:16 KSA · CLOSED  · signal     · SPCXB-USD · brk ▲ 91 · 15m
19:16 KSA · CLOSED  · signal     · SOXLB-USD · vwapRec ▼ 83 · 15m
19:16 KSA · CLOSED  · signal     · SUI-USD · brk ▲ 91 · 15m
19:16 KSA · CLOSED  · signal     · SUI-USD · meanRev ▼ 68 · 15m
19:16 KSA · CLOSED  · signal     · TAO-USD · vwapRec ▼ 75 · 15m
19:16 KSA · CLOSED  · signal     · HOLO-USD · vwapRec ▼ 85 · 15m
19:18 KSA · CLOSED  · scanner    · بدء المسح · 1154 رمزاً · الجلسة CLOSED
19:20 KSA · CLOSED  · scanner    · بدء المسح · 1154 رمزاً · الجلسة CLOSED
19:22 KSA · CLOSED  · scanner    · بدء المسح · 1154 رمزاً · الجلسة CLOSED
19:22 KSA · CLOSED  · signal     · UNI-USD · tfAlign ▲ 87 · 1d
19:22 KSA · CLOSED  · signal     · PENGU-USD · vwapRec ▼ 68 · 15m
19:24 KSA · CLOSED  · scanner    · بدء المسح · 1154 رمزاً · الجلسة CLOSED
19:26 KSA · CLOSED  · scanner    · بدء المسح · 1154 رمزاً · الجلسة CLOSED
19:28 KSA · CLOSED  · scanner    · بدء المسح · 1154 رمزاً · الجلسة CLOSED
19:30 KSA · CLOSED  · scanner    · بدء المسح · 1154 رمزاً · الجلسة CLOSED
19:30 KSA · CLOSED  · signal     · LINK-USD · orb ▼ 60 · 15m
19:30 KSA · CLOSED  · signal     · ETHFI-USD · vwapRec ▼ 83 · 15m
19:30 KSA · CLOSED  · signal     · FET-USD · meanRev ▼ 85 · 15m
19:30 KSA · CLOSED  · signal     · UNI-USD · orb ▲ 85 · 15m
19:30 KSA · CLOSED  · signal     · ARB-USD · orb ▼ 60 · 15m
19:30 KSA · CLOSED  · signal     · HOLO-USD · meanRev ▼ 73 · 15m
19:30 KSA · CLOSED  · signal     · BANK-USD · brk ▼ 57 · 15m
19:32 KSA · CLOSED  · scanner    · بدء المسح · 1154 رمزاً · الجلسة CLOSED
19:32 KSA · CLOSED  · signal     · UNI-USD · meanRev ▼ 63 · 15m
19:34 KSA · CLOSED  · scanner    · بدء المسح · 1154 رمزاً · الجلسة CLOSED
19:38 KSA · CLOSED  · scanner    · بدء المسح · 1154 رمزاً · الجلسة CLOSED
19:40 KSA · CLOSED  · scanner    · بدء المسح · 1154 رمزاً · الجلسة CLOSED
19:42 KSA · CLOSED  · scanner    · بدء المسح · 1154 رمزاً · الجلسة CLOSED
19:44 KSA · CLOSED  · scanner    · بدء المسح · 1154 رمزاً · الجلسة CLOSED
19:46 KSA · CLOSED  · scanner    · بدء المسح · 1154 رمزاً · الجلسة CLOSED
19:46 KSA · CLOSED  · signal     · LINK-USD · meanRev ▼ 60 · 15m
19:46 KSA · CLOSED  · signal     · NEAR-USD · volSpike ▲ 78 · 15m
19:46 KSA · CLOSED  · signal     · AAVE-USD · vwapRec ▼ 83 · 15m
19:46 KSA · CLOSED  · signal     · DOT-USD · brk ▲ 82 · 15m
19:46 KSA · CLOSED  · signal     · INJ-USD · orb ▲ 80 · 15m
19:46 KSA · CLOSED  · signal     · DASH-USD · vwapRec ▼ 90 · 15m
19:46 KSA · CLOSED  · signal     · ETHFI-USD · volSpike ▲ 83 · 15m
19:46 KSA · CLOSED  · signal     · FET-USD · brk ▲ 93 · 15m
19:46 KSA · CLOSED  · signal     · MARSCOIN-USD · volSpike ▲ 75 · 15m
19:46 KSA · CLOSED  · signal     · HEMI-USD · brk ▼ 61 · 15m
19:46 KSA · CLOSED  · signal     · HEMI-USD · rsiDiv ▲ 100 · 15m
19:46 KSA · CLOSED  · signal     · U-USD · tfAlign ▲ 68 · 1d
19:46 KSA · CLOSED  · signal     · TAO-USD · brk ▲ 95 · 15m
19:46 KSA · CLOSED  · signal     · HOLO-USD · brk ▲ 73 · 15m
19:46 KSA · CLOSED  · signal     · HOLO-USD · volSpike ▼ 67 · 15m
19:46 KSA · CLOSED  · signal     · PENGU-USD · brk ▲ 86 · 15m
19:48 KSA · CLOSED  · scanner    · بدء المسح · 1154 رمزاً · الجلسة CLOSED
19:50 KSA · CLOSED  · scanner    · بدء المسح · 1154 رمزاً · الجلسة CLOSED
19:53 KSA · CLOSED  · scanner    · بدء المسح · 1154 رمزاً · الجلسة CLOSED
19:53 KSA · CLOSED  · signal     · PENGU-USD · tfAlign ▲ 71 · 1d
19:55 KSA · CLOSED  · scanner    · بدء المسح · 1154 رمزاً · الجلسة CLOSED
19:56 KSA · CLOSED  · scanner    · بدء المسح · 1154 رمزاً · الجلسة CLOSED
19:58 KSA · CLOSED  · scanner    · بدء المسح · 1154 رمزاً · الجلسة CLOSED
20:00 KSA · CLOSED  · scanner    · بدء المسح · 1154 رمزاً · الجلسة CLOSED
20:00 KSA · CLOSED  · signal     · XAUT-USD · meanRev ▼ 83 · 15m
20:00 KSA · CLOSED  · signal     · WLD-USD · orb ▲ 85 · 15m
20:00 KSA · CLOSED  · signal     · WLD-USD · sqzExp ▲ 78 · 1h
20:00 KSA · CLOSED  · signal     · DASH-USD · vwapRec ▼ 83 · 15m
20:00 KSA · CLOSED  · signal     · DASH-USD · brk ▼ 64 · 15m
20:00 KSA · CLOSED  · signal     · ETHFI-USD · vwapRec ▲ 60 · 15m
20:00 KSA · CLOSED  · signal     · FET-USD · momo ▲ 83 · 1h
20:00 KSA · CLOSED  · signal     · OP-USD · sqzExp ▲ 70 · 1h
20:00 KSA · CLOSED  · signal     · MSTRB-USD · sqzExp ▲ 88 · 1h
20:00 KSA · CLOSED  · signal     · UNI-USD · volSpike ▼ 78 · 15m
20:00 KSA · CLOSED  · signal     · SUI-USD · volSpike ▼ 56 · 15m
20:00 KSA · CLOSED  · signal     · TAO-USD · volSpike ▲ 78 · 15m
20:00 KSA · CLOSED  · signal     · THE-USD · volSpike ▲ 78 · 15m
20:00 KSA · CLOSED  · signal     · ARB-USD · orb ▲ 93 · 15m
20:00 KSA · CLOSED  · signal     · HOLO-USD · pbTrend ▼ 76 · 1h
20:00 KSA · CLOSED  · signal     · SENT-USD · sqzExp ▼ 55 · 1h
20:00 KSA · CLOSED  · signal     · APT-USD · sqzExp ▲ 63 · 1h
20:02 KSA · CLOSED  · scanner    · بدء المسح · 1154 رمزاً · الجلسة CLOSED
20:04 KSA · CLOSED  · scanner    · بدء المسح · 1154 رمزاً · الجلسة CLOSED
20:07 KSA · CLOSED  · scanner    · بدء المسح · 1154 رمزاً · الجلسة CLOSED
20:08 KSA · CLOSED  · scanner    · بدء المسح · 1154 رمزاً · الجلسة CLOSED
20:10 KSA · CLOSED  · scanner    · بدء المسح · 1154 رمزاً · الجلسة CLOSED
20:13 KSA · CLOSED  · scanner    · بدء المسح · 1154 رمزاً · الجلسة CLOSED
20:14 KSA · CLOSED  · scanner    · بدء المسح · 1154 رمزاً · الجلسة CLOSED
20:16 KSA · CLOSED  · scanner    · بدء المسح · 1154 رمزاً · الجلسة CLOSED
20:16 KSA · CLOSED  · signal     · ETH-USD · orb ▲ 85 · 15m
20:16 KSA · CLOSED  · signal     · LINK-USD · orb ▲ 95 · 15m
20:16 KSA · CLOSED  · signal     · XPL-USD · orb ▼ 70 · 15m
20:16 KSA · CLOSED  · signal     · SUI-USD · orb ▲ 75 · 15m
20:16 KSA · CLOSED  · signal     · TRUMP-USD · orb ▼ 60 · 15m
20:16 KSA · CLOSED  · signal     · PENGU-USD · volSpike ▲ 67 · 15m
20:18 KSA · CLOSED  · scanner    · بدء المسح · 1154 رمزاً · الجلسة CLOSED
20:20 KSA · CLOSED  · scanner    · بدء المسح · 1154 رمزاً · الجلسة CLOSED
20:22 KSA · CLOSED  · scanner    · بدء المسح · 1154 رمزاً · الجلسة CLOSED
20:22 KSA · CLOSED  · signal     · U-USD · tfAlign ▲ 79 · 1d
20:24 KSA · CLOSED  · scanner    · بدء المسح · 1154 رمزاً · الجلسة CLOSED
20:26 KSA · CLOSED  · scanner    · بدء المسح · 1154 رمزاً · الجلسة CLOSED
20:28 KSA · CLOSED  · scanner    · بدء المسح · 1154 رمزاً · الجلسة CLOSED
20:30 KSA · CLOSED  · scanner    · بدء المسح · 1154 رمزاً · الجلسة CLOSED
20:30 KSA · CLOSED  · signal     · LINK-USD · volSpike ▼ 78 · 15m
20:30 KSA · CLOSED  · signal     · FET-USD · volSpike ▼ 78 · 15m
20:30 KSA · CLOSED  · signal     · SUI-USD · volSpike ▼ 100 · 15m
20:30 KSA · CLOSED  · signal     · BANK-USD · rsiDiv ▲ 78 · 15m
20:30 KSA · CLOSED  · signal     · PENGU-USD · orb ▼ 55 · 15m
20:33 KSA · CLOSED  · scanner    · بدء المسح · 1154 رمزاً · الجلسة CLOSED
20:33 KSA · CLOSED  · signal     · XRP-USD · orb ▼ 60 · 15m
20:33 KSA · CLOSED  · signal     · U-USD · tfAlign ▲ 79 · 1d
20:34 KSA · CLOSED  · scanner    · بدء المسح · 1154 رمزاً · الجلسة CLOSED
20:37 KSA · CLOSED  · scanner    · بدء المسح · 1154 رمزاً · الجلسة CLOSED
20:40 KSA · CLOSED  · scanner    · بدء المسح · 1154 رمزاً · الجلسة CLOSED
20:42 KSA · CLOSED  · scanner    · بدء المسح · 1154 رمزاً · الجلسة CLOSED
20:44 KSA · CLOSED  · scanner    · بدء المسح · 1154 رمزاً · الجلسة CLOSED
20:46 KSA · CLOSED  · scanner    · بدء المسح · 1154 رمزاً · الجلسة CLOSED
20:46 KSA · CLOSED  · signal     · DOT-USD · volSpike ▼ 61 · 15m
20:46 KSA · CLOSED  · signal     · UNI-USD · tfAlign ▲ 95 · 1d
20:48 KSA · CLOSED  · scanner    · بدء المسح · 1154 رمزاً · الجلسة CLOSED
20:50 KSA · CLOSED  · scanner    · بدء المسح · 1154 رمزاً · الجلسة CLOSED
20:53 KSA · CLOSED  · scanner    · بدء المسح · 1154 رمزاً · الجلسة CLOSED
20:53 KSA · CLOSED  · signal     · BNB-USD · brk ▲ 77 · 15m
20:53 KSA · CLOSED  · signal     · XAUT-USD · vwapRec ▲ 80 · 15m
20:54 KSA · CLOSED  · scanner    · بدء المسح · 1154 رمزاً · الجلسة CLOSED
20:56 KSA · CLOSED  · scanner    · بدء المسح · 1154 رمزاً · الجلسة CLOSED
20:58 KSA · CLOSED  · scanner    · بدء المسح · 1154 رمزاً · الجلسة CLOSED
21:00 KSA · CLOSED  · scanner    · بدء المسح · 1154 رمزاً · الجلسة CLOSED
21:00 KSA · CLOSED  · signal     · ETH-USD · momo ▲ 100 · 1h
21:00 KSA · CLOSED  · signal     · LINK-USD · momo ▲ 100 · 1h
21:00 KSA · CLOSED  · signal     · PENGU-USD · volSpike ▲ 78 · 15m
21:02 KSA · CLOSED  · scanner    · بدء المسح · 1154 رمزاً · الجلسة CLOSED
21:04 KSA · CLOSED  · scanner    · بدء المسح · 1154 رمزاً · الجلسة CLOSED
21:07 KSA · CLOSED  · scanner    · بدء المسح · 1154 رمزاً · الجلسة CLOSED
21:08 KSA · CLOSED  · scanner    · بدء المسح · 1154 رمزاً · الجلسة CLOSED
21:10 KSA · CLOSED  · scanner    · بدء المسح · 1154 رمزاً · الجلسة CLOSED
21:12 KSA · CLOSED  · scanner    · بدء المسح · 1154 رمزاً · الجلسة CLOSED
21:14 KSA · CLOSED  · scanner    · بدء المسح · 1154 رمزاً · الجلسة CLOSED
21:16 KSA · CLOSED  · scanner    · بدء المسح · 1154 رمزاً · الجلسة CLOSED
21:16 KSA · CLOSED  · signal     · BNB-USD · orb ▲ 95 · 15m
21:16 KSA · CLOSED  · signal     · BNB-USD · volSpike ▼ 56 · 15m
21:16 KSA · CLOSED  · signal     · UNI-USD · tfAlign ▲ 95 · 1d
21:18 KSA · CLOSED  · scanner    · بدء المسح · 1154 رمزاً · الجلسة CLOSED
21:20 KSA · CLOSED  · scanner    · بدء المسح · 1154 رمزاً · الجلسة CLOSED
21:22 KSA · CLOSED  · scanner    · بدء المسح · 1154 رمزاً · الجلسة CLOSED
21:24 KSA · CLOSED  · scanner    · بدء المسح · 1154 رمزاً · الجلسة CLOSED
21:26 KSA · CLOSED  · scanner    · بدء المسح · 1154 رمزاً · الجلسة CLOSED
21:28 KSA · CLOSED  · scanner    · بدء المسح · 1154 رمزاً · الجلسة CLOSED
21:30 KSA · CLOSED  · scanner    · بدء المسح · 1154 رمزاً · الجلسة CLOSED
21:30 KSA · CLOSED  · signal     · HOLO-USD · vwapRec ▲ 60 · 15m
21:30 KSA · CLOSED  · signal     · ASTER-USD · rsiDiv ▲ 67 · 15m
21:32 KSA · CLOSED  · scanner    · بدء المسح · 1154 رمزاً · الجلسة CLOSED
21:32 KSA · CLOSED  · signal     · ETH-USD · orb ▲ 80 · 15m
21:34 KSA · CLOSED  · scanner    · بدء المسح · 1154 رمزاً · الجلسة CLOSED
21:37 KSA · CLOSED  · scanner    · بدء المسح · 1154 رمزاً · الجلسة CLOSED
21:38 KSA · CLOSED  · scanner    · بدء المسح · 1154 رمزاً · الجلسة CLOSED
21:40 KSA · CLOSED  · scanner    · بدء المسح · 1154 رمزاً · الجلسة CLOSED
21:42 KSA · CLOSED  · scanner    · بدء المسح · 1154 رمزاً · الجلسة CLOSED
21:44 KSA · CLOSED  · scanner    · بدء المسح · 1154 رمزاً · الجلسة CLOSED
21:46 KSA · CLOSED  · scanner    · بدء المسح · 1154 رمزاً · الجلسة CLOSED
21:48 KSA · CLOSED  · scanner    · بدء المسح · 1154 رمزاً · الجلسة CLOSED
21:50 KSA · CLOSED  · scanner    · بدء المسح · 1154 رمزاً · الجلسة CLOSED
21:53 KSA · CLOSED  · scanner    · بدء المسح · 1154 رمزاً · الجلسة CLOSED
21:53 KSA · CLOSED  · signal     · U-USD · pbTrend ▲ 67 · 1h
21:53 KSA · CLOSED  · signal     · APT-USD · sqzExp ▲ 90 · 1h
21:54 KSA · CLOSED  · scanner    · بدء المسح · 1154 رمزاً · الجلسة CLOSED
21:56 KSA · CLOSED  · scanner    · بدء المسح · 1154 رمزاً · الجلسة CLOSED
21:58 KSA · CLOSED  · scanner    · بدء المسح · 1154 رمزاً · الجلسة CLOSED
22:00 KSA · CLOSED  · scanner    · بدء المسح · 1154 رمزاً · الجلسة CLOSED
22:00 KSA · CLOSED  · signal     · XRP-USD · momo ▲ 92 · 1h
22:00 KSA · CLOSED  · signal     · AVAX-USD · rsiDiv ▼ 67 · 1h
22:00 KSA · CLOSED  · signal     · ICP-USD · momo ▲ 100 · 1h
22:00 KSA · CLOSED  · signal     · DASH-USD · momo ▲ 64 · 1h
22:00 KSA · CLOSED  · signal     · MARSCOIN-USD · rsiDiv ▲ 71 · 1h
22:00 KSA · CLOSED  · signal     · REZ-USD · sqzExp ▼ 55 · 1h
22:00 KSA · CLOSED  · signal     · U-USD · momo ▼ 69 · 1h
22:00 KSA · CLOSED  · signal     · TAO-USD · momo ▲ 86 · 1h
22:00 KSA · CLOSED  · signal     · HOLO-USD · tfAlign ▼ 89 · 1d
22:02 KSA · CLOSED  · scanner    · بدء المسح · 1154 رمزاً · الجلسة CLOSED
22:02 KSA · CLOSED  · signal     · UNI-USD · orb ▲ 65 · 15m
22:04 KSA · CLOSED  · scanner    · بدء المسح · 1154 رمزاً · الجلسة CLOSED
22:07 KSA · CLOSED  · scanner    · بدء المسح · 1154 رمزاً · الجلسة CLOSED
22:08 KSA · CLOSED  · scanner    · بدء المسح · 1154 رمزاً · الجلسة CLOSED
22:10 KSA · CLOSED  · scanner    · بدء المسح · 1154 رمزاً · الجلسة CLOSED
22:12 KSA · CLOSED  · scanner    · بدء المسح · 1154 رمزاً · الجلسة CLOSED
22:14 KSA · CLOSED  · scanner    · بدء المسح · 1154 رمزاً · الجلسة CLOSED
22:16 KSA · CLOSED  · scanner    · بدء المسح · 1154 رمزاً · الجلسة CLOSED
22:16 KSA · CLOSED  · signal     · BNB-USD · volSpike ▼ 67 · 15m
22:16 KSA · CLOSED  · signal     · ENA-USD · rsiDiv ▼ 69 · 15m
22:16 KSA · CLOSED  · signal     · ETHFI-USD · vwapRec ▲ 78 · 15m
22:16 KSA · CLOSED  · signal     · XPL-USD · momo ▼ 72 · 1h
22:16 KSA · CLOSED  · signal     · HOLO-USD · vwapRec ▼ 100 · 15m
22:16 KSA · CLOSED  · signal     · PENGU-USD · tfAlign ▲ 74 · 1d
22:18 KSA · CLOSED  · scanner    · بدء المسح · 1154 رمزاً · الجلسة CLOSED
22:20 KSA · CLOSED  · scanner    · بدء المسح · 1154 رمزاً · الجلسة CLOSED
22:22 KSA · CLOSED  · scanner    · بدء المسح · 1154 رمزاً · الجلسة CLOSED
22:24 KSA · CLOSED  · scanner    · بدء المسح · 1154 رمزاً · الجلسة CLOSED
22:26 KSA · CLOSED  · scanner    · بدء المسح · 1154 رمزاً · الجلسة CLOSED
22:28 KSA · CLOSED  · scanner    · بدء المسح · 1154 رمزاً · الجلسة CLOSED
22:30 KSA · CLOSED  · scanner    · بدء المسح · 1154 رمزاً · الجلسة CLOSED
22:30 KSA · CLOSED  · signal     · BNB-USD · rsiDiv ▼ 83 · 15m
22:30 KSA · CLOSED  · signal     · T-USD · brk ▲ 86 · 15m
22:30 KSA · CLOSED  · signal     · BNCB-USD · volSpike ▼ 88 · 15m
22:30 KSA · CLOSED  · signal     · HEMI-USD · volSpike ▲ 67 · 15m
22:32 KSA · CLOSED  · scanner    · بدء المسح · 1154 رمزاً · الجلسة CLOSED
22:34 KSA · CLOSED  · scanner    · بدء المسح · 1154 رمزاً · الجلسة CLOSED
22:37 KSA · CLOSED  · scanner    · بدء المسح · 1154 رمزاً · الجلسة CLOSED
22:38 KSA · CLOSED  · scanner    · بدء المسح · 1154 رمزاً · الجلسة CLOSED
22:40 KSA · CLOSED  · scanner    · بدء المسح · 1154 رمزاً · الجلسة CLOSED
22:42 KSA · CLOSED  · scanner    · بدء المسح · 1154 رمزاً · الجلسة CLOSED
22:44 KSA · CLOSED  · scanner    · بدء المسح · 1154 رمزاً · الجلسة CLOSED
22:46 KSA · CLOSED  · scanner    · بدء المسح · 1154 رمزاً · الجلسة CLOSED
22:46 KSA · CLOSED  · signal     · WLD-USD · orb ▲ 85 · 15m
22:46 KSA · CLOSED  · signal     · U-USD · vwapRec ▼ 83 · 15m
22:48 KSA · CLOSED  · scanner    · بدء المسح · 1154 رمزاً · الجلسة CLOSED
22:50 KSA · CLOSED  · scanner    · بدء المسح · 1154 رمزاً · الجلسة CLOSED
22:53 KSA · CLOSED  · scanner    · بدء المسح · 1154 رمزاً · الجلسة CLOSED
22:53 KSA · CLOSED  · signal     · REZ-USD · brk ▲ 75 · 15m
22:53 KSA · CLOSED  · signal     · BANK-USD · meanRev ▼ 70 · 15m
22:55 KSA · CLOSED  · scanner    · بدء المسح · 1154 رمزاً · الجلسة CLOSED
22:56 KSA · CLOSED  · scanner    · بدء المسح · 1154 رمزاً · الجلسة CLOSED
22:58 KSA · CLOSED  · scanner    · بدء المسح · 1154 رمزاً · الجلسة CLOSED
23:00 KSA · CLOSED  · scanner    · بدء المسح · 1154 رمزاً · الجلسة CLOSED
23:00 KSA · CLOSED  · signal     · ZEC-USD · sqzExp ▲ 90 · 1h
23:00 KSA · CLOSED  · signal     · SOXLB-USD · sqzExp ▲ 55 · 1h
23:00 KSA · CLOSED  · signal     · U-USD · tfAlign ▲ 87 · 1d
23:02 KSA · CLOSED  · scanner    · بدء المسح · 1154 رمزاً · الجلسة CLOSED
23:02 KSA · CLOSED  · signal     · XAUT-USD · vwapRec ▼ 65 · 15m
23:04 KSA · CLOSED  · scanner    · بدء المسح · 1154 رمزاً · الجلسة CLOSED
23:07 KSA · CLOSED  · scanner    · بدء المسح · 1154 رمزاً · الجلسة CLOSED
23:08 KSA · CLOSED  · scanner    · بدء المسح · 1154 رمزاً · الجلسة CLOSED
23:10 KSA · CLOSED  · scanner    · بدء المسح · 1154 رمزاً · الجلسة CLOSED
23:12 KSA · CLOSED  · scanner    · بدء المسح · 1154 رمزاً · الجلسة CLOSED
23:14 KSA · CLOSED  · scanner    · بدء المسح · 1154 رمزاً · الجلسة CLOSED
23:16 KSA · CLOSED  · scanner    · بدء المسح · 1154 رمزاً · الجلسة CLOSED
23:16 KSA · CLOSED  · signal     · U-USD · tfAlign ▲ 87 · 1d
23:16 KSA · CLOSED  · signal     · PUMP-USD · brk ▲ 75 · 15m
23:18 KSA · CLOSED  · scanner    · بدء المسح · 1154 رمزاً · الجلسة CLOSED
23:20 KSA · CLOSED  · scanner    · بدء المسح · 1154 رمزاً · الجلسة CLOSED
23:23 KSA · CLOSED  · scanner    · بدء المسح · 1154 رمزاً · الجلسة CLOSED
23:24 KSA · CLOSED  · scanner    · بدء المسح · 1154 رمزاً · الجلسة CLOSED
23:26 KSA · CLOSED  · scanner    · بدء المسح · 1154 رمزاً · الجلسة CLOSED
23:28 KSA · CLOSED  · scanner    · بدء المسح · 1154 رمزاً · الجلسة CLOSED
23:30 KSA · CLOSED  · scanner    · بدء المسح · 1154 رمزاً · الجلسة CLOSED
23:32 KSA · CLOSED  · scanner    · بدء المسح · 1154 رمزاً · الجلسة CLOSED
23:32 KSA · CLOSED  · signal     · HOLO-USD · momo ▼ 61 · 1h
23:34 KSA · CLOSED  · scanner    · بدء المسح · 1154 رمزاً · الجلسة CLOSED
23:37 KSA · CLOSED  · scanner    · بدء المسح · 1154 رمزاً · الجلسة CLOSED
23:38 KSA · CLOSED  · scanner    · بدء المسح · 1154 رمزاً · الجلسة CLOSED
23:40 KSA · CLOSED  · scanner    · بدء المسح · 1154 رمزاً · الجلسة CLOSED
23:42 KSA · CLOSED  · scanner    · بدء المسح · 1154 رمزاً · الجلسة CLOSED
23:44 KSA · CLOSED  · scanner    · بدء المسح · 1154 رمزاً · الجلسة CLOSED
23:46 KSA · CLOSED  · scanner    · بدء المسح · 1154 رمزاً · الجلسة CLOSED
23:46 KSA · CLOSED  · signal     · U-USD · tfAlign ▲ 87 · 1d
23:46 KSA · CLOSED  · signal     · PUMP-USD · orb ▲ 100 · 15m
23:48 KSA · CLOSED  · scanner    · بدء المسح · 1154 رمزاً · الجلسة CLOSED
23:50 KSA · CLOSED  · scanner    · بدء المسح · 1154 رمزاً · الجلسة CLOSED
23:53 KSA · CLOSED  · scanner    · بدء المسح · 1154 رمزاً · الجلسة CLOSED
23:55 KSA · CLOSED  · scanner    · بدء المسح · 1154 رمزاً · الجلسة CLOSED
23:56 KSA · CLOSED  · scanner    · بدء المسح · 1154 رمزاً · الجلسة CLOSED
23:58 KSA · CLOSED  · scanner    · بدء المسح · 1154 رمزاً · الجلسة CLOSED
